<Mappings><Entry OldName="PKTool.BasePlayerRequest.&lt;secretKey&gt;k__BackingField" NewName="PKTool.BasePlayerRequest.cbec131f1bd97fc7b3a0409abfecefe1b" />
<Entry OldName="PKTool.BasePlayerRequest.&lt;sessionToken&gt;k__BackingField" NewName="PKTool.BasePlayerRequest.c30a9a506b49913a99af9b463e294d076" />
<Entry OldName="PKTool.BasePlayerRequest.&lt;businessToken&gt;k__BackingField" NewName="PKTool.BasePlayerRequest.c18fe62d1b62c5efcdc2ad8fc1a0c01aa" />
<Entry OldName="PKTool.ChangeNameRequest.NewName" NewName="A.c7455da878245a0b2eccb4c582e6346e3.ced54caaa6bdc60c0b9981e4ea30a3baa" />
<Entry OldName="PKTool.ChangeNameRequest.NewAvatar" NewName="A.c7455da878245a0b2eccb4c582e6346e3.c7a6a3753d76a75579bf669301638eca5" />
<Entry OldName="PKTool.frmAbout.components" NewName="A.c74459971dd483ac5d53a191361e6c96c.cae3e5b897486dcd86ecba760451d1877" />
<Entry OldName="PKTool.frmAbout.tableLayoutPanel" NewName="A.c74459971dd483ac5d53a191361e6c96c.c3539cc68b1d52d9421ab87833d4cf897" />
<Entry OldName="PKTool.frmAbout.logoPictureBox" NewName="A.c74459971dd483ac5d53a191361e6c96c.c06bbe04942c458b65ee7040b67d8e8d8" />
<Entry OldName="PKTool.frmAbout.labelProductName" NewName="A.c74459971dd483ac5d53a191361e6c96c.cfc4773c768a9acb5c89676593ee21ff7" />
<Entry OldName="PKTool.frmAbout.labelVersion" NewName="A.c74459971dd483ac5d53a191361e6c96c.c8db9bddcc5337484107c9bf8aed73311" />
<Entry OldName="PKTool.frmAbout.labelCopyright" NewName="A.c74459971dd483ac5d53a191361e6c96c.ca85f97da427d763c09f6ec190ffb0ce9" />
<Entry OldName="PKTool.frmAbout.labelCompanyName" NewName="A.c74459971dd483ac5d53a191361e6c96c.ce7e3e741d1a4647ddd7825fd7462784d" />
<Entry OldName="PKTool.frmAbout.textBoxDescription" NewName="A.c74459971dd483ac5d53a191361e6c96c.c8c58d989d94891f98cb34398986912bc" />
<Entry OldName="PKTool.frmAbout.okButton" NewName="A.c74459971dd483ac5d53a191361e6c96c.c0ed895eb40561a5ddaf637d025e8a40b" />
<Entry OldName="PKTool.frmLogin.URLLOGIN" NewName="PKTool.frmLogin.c3cd077c51e27e10b0a5fc5af8d8f1cdb" />
<Entry OldName="PKTool.frmLogin.req" NewName="PKTool.frmLogin.c7e07f61ab64731ead0bc2d12f4830edf" />
<Entry OldName="PKTool.frmLogin.resp" NewName="PKTool.frmLogin.cde826a1ac3cc8e0ea2db3e68df71c975" />
<Entry OldName="PKTool.frmLogin.components" NewName="PKTool.frmLogin.cae3e5b897486dcd86ecba760451d1877" />
<Entry OldName="PKTool.frmLogin.rtbLogin" NewName="PKTool.frmLogin.c2dc0a4cb39779d7cc3afff50c9ffb20b" />
<Entry OldName="PKTool.frmLogin.lblData" NewName="PKTool.frmLogin.ccb295520892ac40441ab8598b15cf209" />
<Entry OldName="PKTool.frmLogin.btnOK" NewName="PKTool.frmLogin.c8ad48fc159cd7dd0ad4e80ada3440b15" />
<Entry OldName="PKTool.frmLogin.btnCancel" NewName="PKTool.frmLogin.c1069a60365b0682c14016a474a8a790a" />
<Entry OldName="PKTool.frmNews.LISTNEWS" NewName="PKTool.frmNews.c324b9afe1c0074115056c3bc78c9e602" />
<Entry OldName="PKTool.frmNews.components" NewName="PKTool.frmNews.cae3e5b897486dcd86ecba760451d1877" />
<Entry OldName="PKTool.frmNews.tableLayoutPanel1" NewName="PKTool.frmNews.c28ebc9c1e208845393299d6e1d9f5b6b" />
<Entry OldName="PKTool.frmNews.grdNews" NewName="PKTool.frmNews.cf35120e11aebf2a3b134f20efe6b1bdf" />
<Entry OldName="PKTool.frmNews.FB" NewName="PKTool.frmNews.c1d8802dfadce6cc4395aee46b4806bf6" />
<Entry OldName="PKTool.frmNews.ID" NewName="PKTool.frmNews.c5a9d7e6c78c5e91542808f9975910179" />
<Entry OldName="PKTool.frmNews.Message" NewName="PKTool.frmNews.cc08b6c80744c41098e7e4a8ffb3a0411" />
<Entry OldName="PKTool.frmNews.panel1" NewName="PKTool.frmNews.c3b7b578c8fd69259e47bf5f58eb18194" />
<Entry OldName="PKTool.frmNews.btnClose" NewName="PKTool.frmNews.c53ef9aee48494e4d34680946d2abd1d6" />
<Entry OldName="PKTool.IsLand.index" NewName="PKTool.IsLand.cbc1def85d1f81f525e7b8ec464874295" />
<Entry OldName="PKTool.IsLand.items" NewName="PKTool.IsLand.ccdbe404b62a2bfd5335b906d4078445f" />
<Entry OldName="PKTool.IslandCompletions.completeTime" NewName="A.c4ba8f03bc895e7e7633a8210cb21f319.ccd41c3875a437672c832796a04f3bf91" />
<Entry OldName="PKTool.IslandCompletions.islandLevel" NewName="A.c4ba8f03bc895e7e7633a8210cb21f319.c1c6ccd01739931daab9e6b59eaaab6cc" />
<Entry OldName="PKTool.Data.rank" NewName="A.c119c08d997c75dd074887b202b17a08c.c6bc3dfccbdf1d352a6caeb65de01cdf2" />
<Entry OldName="PKTool.Data.msg" NewName="A.c119c08d997c75dd074887b202b17a08c.c8d8199804accb8ec1ec4293eb34f6a6c" />
<Entry OldName="PKTool.Data.friend" NewName="A.c119c08d997c75dd074887b202b17a08c.cd5abd6ca2a57a9f859b87294ea59f942" />
<Entry OldName="PKTool.Data.isOK" NewName="A.c119c08d997c75dd074887b202b17a08c.c3709d876b7f4190292b503495d8c1d61" />
<Entry OldName="PKTool.frmMain.SEPARATOR" NewName="PKTool.frmMain.c0e35521d5aac4a9f6b399a3dc12f5844" />
<Entry OldName="PKTool.frmMain.CAPTUREDOMAIN" NewName="PKTool.frmMain.c2e2818718431fda18775aab71049dbcf" />
<Entry OldName="PKTool.frmMain.RANKPOINT_STEAL" NewName="PKTool.frmMain.c12eee23888473f97d6197aa8e873449e" />
<Entry OldName="PKTool.frmMain.URLLOGIN" NewName="PKTool.frmMain.c3cd077c51e27e10b0a5fc5af8d8f1cdb" />
<Entry OldName="PKTool.frmMain.URLWHEEL" NewName="PKTool.frmMain.cd9454689bddb3b334babd22a5bbf3aac" />
<Entry OldName="PKTool.frmMain.URLATTACKFRIEND" NewName="PKTool.frmMain.cfb65efccff303cef103af319f3895591" />
<Entry OldName="PKTool.frmMain.URLATTACKRANDOM" NewName="PKTool.frmMain.ced68a22ef67c6dd0fb502ed8363ffbed" />
<Entry OldName="PKTool.frmMain.URLVIEW" NewName="PKTool.frmMain.c06c8ced4ec72ec72770a48cc983e30e9" />
<Entry OldName="PKTool.frmMain.URLSTEAL" NewName="PKTool.frmMain.c488aa1dc54d37392fb9844e94e9ee6f7" />
<Entry OldName="PKTool.frmMain.URLUPGRADE" NewName="PKTool.frmMain.c1a5b93026673daf6f9c87b0926b5c20d" />
<Entry OldName="PKTool.frmMain.URLREPAIR" NewName="PKTool.frmMain.cc586376c55764557f5aa03ac158b7dbe" />
<Entry OldName="PKTool.frmMain.URLFINISH" NewName="PKTool.frmMain.c7025d166cc7d6aed9e750de278298b78" />
<Entry OldName="PKTool.frmMain.URLINVITEBONUS" NewName="PKTool.frmMain.c8b4eb26f48878400a867945ecbf9895e" />
<Entry OldName="PKTool.frmMain.URLVIDEOCLAIMBONUS" NewName="PKTool.frmMain.cf4f8945783f8220f96630b9d218ecf80" />
<Entry OldName="PKTool.frmMain.URLCOMPLETEDUPGRADE" NewName="PKTool.frmMain.c05235fb23a1f9f64859d349a8d06bc17" />
<Entry OldName="PKTool.frmMain.URLSPINSLOT" NewName="PKTool.frmMain.c567c5951dfd5210ec08dbe239d14ed20" />
<Entry OldName="PKTool.frmMain.URLSLOTCHEST" NewName="PKTool.frmMain.cc57bf0ea0ea2abf4bf4ac6738257b9a7" />
<Entry OldName="PKTool.frmMain.URLCHANGENAME" NewName="PKTool.frmMain.c6585f30a4a19a75a2b95d1461c86139f" />
<Entry OldName="PKTool.frmMain.URLISLANDCOMPLETEDCLAIM" NewName="PKTool.frmMain.c3c4977fdec7df71e4e9712b9d2a1c992" />
<Entry OldName="PKTool.frmMain.URLCHEAT" NewName="PKTool.frmMain.c694c4c8147d4d13722c48ddb7903fe69" />
<Entry OldName="PKTool.frmMain.URL" NewName="PKTool.frmMain.c0609e9f81cded137f8a936498ca56077" />
<Entry OldName="PKTool.frmMain.KEY" NewName="PKTool.frmMain.c5a355a32c38501377efaf8f9cd38d539" />
<Entry OldName="PKTool.frmMain.REGEX_ID" NewName="PKTool.frmMain.c7f9b748b0cdbf74fd5bf8a4ca86ed3ec" />
<Entry OldName="PKTool.frmMain.REGEX_NAME" NewName="PKTool.frmMain.c505d0591f6b9d559164b73176aa9b1d4" />
<Entry OldName="PKTool.frmMain.BUSINESSTOKEN" NewName="PKTool.frmMain.ce0b0288936143f13b4562de6c9da3610" />
<Entry OldName="PKTool.frmMain.ACCESSTOKEN" NewName="PKTool.frmMain.c53d7a87cb805217142a4db81e519e7be" />
<Entry OldName="PKTool.frmMain.SECRETKEY" NewName="PKTool.frmMain.cb7077821b56ada83e5ccf598715fe91c" />
<Entry OldName="PKTool.frmMain.SESSIONTOKEN" NewName="PKTool.frmMain.c756df7433333843172261a4e49735f8b" />
<Entry OldName="PKTool.frmMain.M_PLAY" NewName="PKTool.frmMain.c7948d54fa5f2c2071622b7beb283461e" />
<Entry OldName="PKTool.frmMain.VICTIM" NewName="PKTool.frmMain.ca0d1f0ac9d3788063e9e864d6967f642" />
<Entry OldName="PKTool.frmMain.NAME" NewName="PKTool.frmMain.cc0a060cf8b98ae51edaa7cde1760c0e2" />
<Entry OldName="PKTool.frmMain.FBID" NewName="PKTool.frmMain.c08eda201a01f11d9de73f0269f93e8e3" />
<Entry OldName="PKTool.frmMain.ARRITEMS" NewName="PKTool.frmMain.c291bc559ba756ee9a0da4ac3aeb7fb7d" />
<Entry OldName="PKTool.frmMain.BASEPRICES" NewName="PKTool.frmMain.cb8161c34650196a22c03bcf90c39bd87" />
<Entry OldName="PKTool.frmMain.PRICESTEPS" NewName="PKTool.frmMain.ccc41d2c0cc21a4882181737624ba5759" />
<Entry OldName="PKTool.frmMain.ITEMS" NewName="PKTool.frmMain.cf4c856dd7f26819a459b0958f5b05acf" />
<Entry OldName="PKTool.frmMain.FRIENDFBIDS" NewName="PKTool.frmMain.cbed18689edb0db85d38a98233d88be24" />
<Entry OldName="PKTool.frmMain.ISLANDINDEX" NewName="PKTool.frmMain.cff0500283442879aae25ed34e49202b5" />
<Entry OldName="PKTool.frmMain.LISTNEWS" NewName="PKTool.frmMain.c324b9afe1c0074115056c3bc78c9e602" />
<Entry OldName="PKTool.frmMain.UDID" NewName="PKTool.frmMain.c63c601e11573b02a9c81740aa6832398" />
<Entry OldName="PKTool.frmMain.ISVIP" NewName="PKTool.frmMain.cf11d842257a293d1777d66bd0f5d61f2" />
<Entry OldName="PKTool.frmMain.REQBODY" NewName="PKTool.frmMain.c14676e27e997b420b336cfa315b87c2d" />
<Entry OldName="PKTool.frmMain.RETRYCOUNT" NewName="PKTool.frmMain.cd547fea2c0229e0575dbff089e27e518" />
<Entry OldName="PKTool.frmMain.AVATAR" NewName="PKTool.frmMain.ce3edfcc8f3c43661d8f4f1c34d27e739" />
<Entry OldName="PKTool.frmMain.components" NewName="PKTool.frmMain.cae3e5b897486dcd86ecba760451d1877" />
<Entry OldName="PKTool.frmMain.label3" NewName="PKTool.frmMain.ca1315aaec60d31c87d7df8a21547b2cf" />
<Entry OldName="PKTool.frmMain.imageList" NewName="PKTool.frmMain.cde19f4e2dabec0cf0d6ff719b1c1be35" />
<Entry OldName="PKTool.frmMain.tab1" NewName="PKTool.frmMain.ca41e3ff64b573cfa4470fb027d367083" />
<Entry OldName="PKTool.frmMain.gbBonus" NewName="PKTool.frmMain.c1b0fcd20767503d32524ec319beb64e5" />
<Entry OldName="PKTool.frmMain.btnOpen" NewName="PKTool.frmMain.c28ca9b8109c825c29f10b71a58be58fb" />
<Entry OldName="PKTool.frmMain.btnSpinSlot" NewName="PKTool.frmMain.ca250306f4d6faa6a5bbddd1410662932" />
<Entry OldName="PKTool.frmMain.btnInvite" NewName="PKTool.frmMain.c06f75d8f477768a6f6964f76fe9e46be" />
<Entry OldName="PKTool.frmMain.btnVideo" NewName="PKTool.frmMain.c9bb6310529fd3068074661a2256607c4" />
<Entry OldName="PKTool.frmMain.lbFriends" NewName="PKTool.frmMain.cd8595547d4ec3ba66f577aa22046cb1b" />
<Entry OldName="PKTool.frmMain.txtVictim" NewName="PKTool.frmMain.ce422cecb625e0d01fbce22abf1663dce" />
<Entry OldName="PKTool.frmMain.rtbRet" NewName="PKTool.frmMain.cadba62d8be92b6f79e9e9bc13e0b092f" />
<Entry OldName="PKTool.frmMain.lblName" NewName="PKTool.frmMain.c30c3cf6f753dead5d9d2e7bc4cf5d7a4" />
<Entry OldName="PKTool.frmMain.label2" NewName="PKTool.frmMain.c4392e4d8c0ca15d8154481a43ea69ac2" />
<Entry OldName="PKTool.frmMain.btnClear" NewName="PKTool.frmMain.c1331b25a1da4ebdf91ef496c81e8d81a" />
<Entry OldName="PKTool.frmMain.btnView" NewName="PKTool.frmMain.cc45f40a51c27a7b71aaa63f95bcc3453" />
<Entry OldName="PKTool.frmMain.nudNum" NewName="PKTool.frmMain.c444512588471cf267aee5f111522db12" />
<Entry OldName="PKTool.frmMain.btnSetVicTim" NewName="PKTool.frmMain.c5c01bcbc818fa49c84b5585fbd60e66c" />
<Entry OldName="PKTool.frmMain.groupBox1" NewName="PKTool.frmMain.c68cb35b98c105b8e2346608a540a3e5c" />
<Entry OldName="PKTool.frmMain.chkAutoUpgrade" NewName="PKTool.frmMain.c212790998ab839fa016fd26c5bdff28a" />
<Entry OldName="PKTool.frmMain.btnPlay" NewName="PKTool.frmMain.c86f42aa542bdfdc627f6d1537c55447d" />
<Entry OldName="PKTool.frmMain.chkFull" NewName="PKTool.frmMain.c93b2da95e4750dcbe2d8b6f34f3ff50e" />
<Entry OldName="PKTool.frmMain.chkAutoSteal" NewName="PKTool.frmMain.c268423ab1148709a294bdbb15b327fda" />
<Entry OldName="PKTool.frmMain.chkAutoAttack" NewName="PKTool.frmMain.c74af2913f9206b8371995759da490657" />
<Entry OldName="PKTool.frmMain.avatar" NewName="PKTool.frmMain.c3cfd752c045750d312e8cc4991f0323c" />
<Entry OldName="PKTool.frmMain.tab" NewName="PKTool.frmMain.c334fb5e810cbdee8ce7ddee108cc6599" />
<Entry OldName="PKTool.frmMain.btnViewFB" NewName="PKTool.frmMain.c73b4594ab6236ea3de4d9acd3c89af99" />
<Entry OldName="PKTool.frmMain.btnNews" NewName="PKTool.frmMain.c23b8e446762b32328e04d92403364bbe" />
<Entry OldName="PKTool.frmMain.openFileDialog" NewName="PKTool.frmMain.cdab1c646ec9e41555c3ec5766c4f8a6e" />
<Entry OldName="PKTool.frmMain.txtID" NewName="PKTool.frmMain.c2637c9f7bf2c5a9c8680de6126a67882" />
<Entry OldName="PKTool.frmMain.menuStrip" NewName="PKTool.frmMain.c122ead7ac0561de9ecc693b0122efcaf" />
<Entry OldName="PKTool.frmMain.fileToolStripMenuItem" NewName="PKTool.frmMain.c947d3b7b56d0bf0e3bc2920c0795b584" />
<Entry OldName="PKTool.frmMain.exitToolStripMenuItem" NewName="PKTool.frmMain.ce3e026d26aa00dea9d8ad18337a354f1" />
<Entry OldName="PKTool.frmMain.aboutToolStripMenuItem" NewName="PKTool.frmMain.cccda6df7bc3b5e132057ddc2609a0fa8" />
<Entry OldName="PKTool.frmMain.toolStripSeparator1" NewName="PKTool.frmMain.cc8ff9dd96144de99becd83aeed0ccae1" />
<Entry OldName="PKTool.frmMain.aboutPKToolToolStripMenuItem" NewName="PKTool.frmMain.cfea2b65e47dd4c3acc622f1ea08ce761" />
<Entry OldName="PKTool.frmMain.openFileDialogF" NewName="PKTool.frmMain.c9e770daf75a318f8772e93a8c4917110" />
<Entry OldName="PKTool.frmMain.saveFileDialog" NewName="PKTool.frmMain.cd7cf24cf2235d9f7dce9dd6d8e78013f" />
<Entry OldName="PKTool.frmMain.avatarPre" NewName="PKTool.frmMain.cb96cb881e048c1ec810a6278db1df76c" />
<Entry OldName="PKTool.frmMain.avatarNext" NewName="PKTool.frmMain.c13a8cec25cfe2a9c9f97d603c949703b" />
<Entry OldName="PKTool.frmMain.rdoRandom" NewName="PKTool.frmMain.ce0f73c682494ff18e83f772b61e14866" />
<Entry OldName="PKTool.frmMain.rdoFriend" NewName="PKTool.frmMain.ce874c0e84a84b7e88d1c38da2a8f3e39" />
<Entry OldName="PKTool.frmMain.btnRefresh" NewName="PKTool.frmMain.c991a22951afb9f08c956d6da50e6d2f6" />
<Entry OldName="PKTool.frmMain.toolStripMenuItemProxy" NewName="PKTool.frmMain.c1f28d950e1f313928e808fdb2c0d285c" />
<Entry OldName="PKTool.frmMain.toolStripMenuItemCharles" NewName="PKTool.frmMain.cef0d37b7d3a7494b8e3736aaac2e6554" />
<Entry OldName="PKTool.frmMain.timer" NewName="PKTool.frmMain.c59a93a82f67df8878c5a826b19b83a6d" />
<Entry OldName="PKTool.frmMain.btnClaim" NewName="PKTool.frmMain.c7ac48fcea032e9e4895a7d3e6c71d8c7" />
<Entry OldName="PKTool.frmMain.&lt;CaptureConfiguration&gt;k__BackingField" NewName="PKTool.frmMain.c55e0532ec9d60be715235322bc342158" />
<Entry OldName="PKTool.frmMain.CS$&lt;&gt;9__CachedAnonymousMethodDelegate8" NewName="PKTool.frmMain.cbd8b74bf3b5ae4ce5b7cc2a3c773038a" />
<Entry OldName="PKTool.frmMain.CS$&lt;&gt;9__CachedAnonymousMethodDelegate9" NewName="PKTool.frmMain.cef418791c53fa8a97715a451e2d57431" />
<Entry OldName="PKTool.frmMain.CS$&lt;&gt;9__CachedAnonymousMethodDelegatea" NewName="PKTool.frmMain.c236a7d0c21fd36a090a33f108e50fea9" />
<Entry OldName="PKTool.frmMain.CS$&lt;&gt;9__CachedAnonymousMethodDelegateb" NewName="PKTool.frmMain.cd226fd352e94dcb940a1b7f9d85ac0bc" />
<Entry OldName="PKTool.frmMain.CS$&lt;&gt;9__CachedAnonymousMethodDelegatec" NewName="PKTool.frmMain.c717e593dca663545ab0d81af581b9a1e" />
<Entry OldName="PKTool.frmMain.CS$&lt;&gt;9__CachedAnonymousMethodDelegated" NewName="PKTool.frmMain.c03088095fdbf80b377a58de5f5d4c13b" />
<Entry OldName="PKTool.frmMain.CS$&lt;&gt;9__CachedAnonymousMethodDelegatee" NewName="PKTool.frmMain.cc859e4c8627cd6ba2d751d83b9f1ce55" />
<Entry OldName="PKTool.frmMain.CS$&lt;&gt;9__CachedAnonymousMethodDelegatef" NewName="PKTool.frmMain.c4c64d538b77938b371f09ff757e77cbc" />
<Entry OldName="PKTool.frmMain.CS$&lt;&gt;9__CachedAnonymousMethodDelegate15" NewName="PKTool.frmMain.cf2fb1bab4031e7adb8701fa02d00be2f" />
<Entry OldName="PKTool.frmMain.CS$&lt;&gt;9__CachedAnonymousMethodDelegate17" NewName="PKTool.frmMain.c1f724d5c2aec03b30fc4417db427a22a" />
<Entry OldName="PKTool.frmMain.CS$&lt;&gt;9__CachedAnonymousMethodDelegate1b" NewName="PKTool.frmMain.c87c895b4907ddef6b8e3ea5d345ccfcd" />
<Entry OldName="PKTool.frmMain.CS$&lt;&gt;9__CachedAnonymousMethodDelegate1c" NewName="PKTool.frmMain.c7f57b3e5371be7f7f95c0664108c87f9" />
<Entry OldName="PKTool.frmMain.CS$&lt;&gt;9__CachedAnonymousMethodDelegate1d" NewName="PKTool.frmMain.c132a9febf9db93d6af020cd358b52efa" />
<Entry OldName="PKTool.frmMain.CS$&lt;&gt;9__CachedAnonymousMethodDelegate23" NewName="PKTool.frmMain.cef9c0c7cc3d3258c9be1ced6111150c1" />
<Entry OldName="PKTool.frmMain.CS$&lt;&gt;9__CachedAnonymousMethodDelegate24" NewName="PKTool.frmMain.cade4c63e45d6f26f09571f3fbc71796a" />
<Entry OldName="PKTool.frmMain.CS$&lt;&gt;9__CachedAnonymousMethodDelegate25" NewName="PKTool.frmMain.cbf99f6c67bd9d7973d9700265df0b10d" />
<Entry OldName="PKTool.frmMain.CS$&lt;&gt;9__CachedAnonymousMethodDelegate26" NewName="PKTool.frmMain.c220bedc6254687ea12fb0a0ccc052932" />
<Entry OldName="PKTool.frmMain.CS$&lt;&gt;9__CachedAnonymousMethodDelegate2c" NewName="PKTool.frmMain.c86e1725773a64295a4a8fcf272cd7ea3" />
<Entry OldName="PKTool.frmMain.CS$&lt;&gt;9__CachedAnonymousMethodDelegate2d" NewName="PKTool.frmMain.c12032b51285806cbdbafb622937ff425" />
<Entry OldName="PKTool.frmMain.CS$&lt;&gt;9__CachedAnonymousMethodDelegate2e" NewName="PKTool.frmMain.c05623557e667ad1f77463e5490fa5ced" />
<Entry OldName="PKTool.frmMain.CS$&lt;&gt;9__CachedAnonymousMethodDelegate31" NewName="PKTool.frmMain.c728df2f5d960c5c940ae10801110e4f3" />
<Entry OldName="PKTool.frmMain.CS$&lt;&gt;9__CachedAnonymousMethodDelegate32" NewName="PKTool.frmMain.c041e629f67910437772a9e88631d4fd7" />
<Entry OldName="PKTool.frmMain.CS$&lt;&gt;9__CachedAnonymousMethodDelegate37" NewName="PKTool.frmMain.c4ca4b803a64f8a7df8cd101c5b66f8f7" />
<Entry OldName="PKTool.frmMain.CS$&lt;&gt;9__CachedAnonymousMethodDelegate38" NewName="PKTool.frmMain.c76d0585ac7d01d1b3412f0b3c608e4f6" />
<Entry OldName="PKTool.frmMain.CS$&lt;&gt;9__CachedAnonymousMethodDelegate39" NewName="PKTool.frmMain.c4fd620767b502c732272876f612af6b5" />
<Entry OldName="PKTool.frmMain.CS$&lt;&gt;9__CachedAnonymousMethodDelegate3a" NewName="PKTool.frmMain.cd97c27a60b2a56b013ae655bb61bec28" />
<Entry OldName="PKTool.frmMain.CS$&lt;&gt;9__CachedAnonymousMethodDelegate3c" NewName="PKTool.frmMain.c592301e22fe72e9b1caef072156dccfa" />
<Entry OldName="PKTool.Item.index" NewName="PKTool.Item.cbc1def85d1f81f525e7b8ec464874295" />
<Entry OldName="PKTool.Item.name" NewName="PKTool.Item.c70eede7c25f10afabf69b22e584a1ea8" />
<Entry OldName="PKTool.Item.isdamaged" NewName="PKTool.Item.c4b214fb5fa60bf47d8b004a7cea99ee9" />
<Entry OldName="PKTool.Item.level" NewName="PKTool.Item.c4f4d09fbb787a46476c304d8da8e9e49" />
<Entry OldName="PKTool.Item.price" NewName="PKTool.Item.c2b9cbe9e98501d2f728d18198909bfea" />
<Entry OldName="PKTool.Key.index" NewName="PKTool.Key.cbc1def85d1f81f525e7b8ec464874295" />
<Entry OldName="PKTool.Key.level" NewName="PKTool.Key.c4f4d09fbb787a46476c304d8da8e9e49" />
<Entry OldName="PKTool.Key.levelEx" NewName="PKTool.Key.cc51942b54b3a8127200a19ed98dfaca4" />
<Entry OldName="PKTool.Key.data" NewName="PKTool.Key.cde3f205dd9347c6e8da7533d44744bd9" />
<Entry OldName="PKTool.UrlCaptureConfiguration.&lt;ProcessId&gt;k__BackingField" NewName="PKTool.UrlCaptureConfiguration.c1253f71a9c1a77badd9324655c1bbb46" />
<Entry OldName="PKTool.UrlCaptureConfiguration.&lt;IgnoreResources&gt;k__BackingField" NewName="PKTool.UrlCaptureConfiguration.cf255bfd941acfd52dcd4e3848ed39cab" />
<Entry OldName="PKTool.UrlCaptureConfiguration.&lt;CaptureDomain&gt;k__BackingField" NewName="PKTool.UrlCaptureConfiguration.c2832b4a66bd01ac37aa37955e6e885b2" />
<Entry OldName="PKTool.UrlCaptureConfiguration.&lt;UrlFilterExclusions&gt;k__BackingField" NewName="PKTool.UrlCaptureConfiguration.cb6f134a2b2fbc3ee52cd78fe1e67525c" />
<Entry OldName="PKTool.UrlCaptureConfiguration.&lt;ExtensionFilterExclusions&gt;k__BackingField" NewName="PKTool.UrlCaptureConfiguration.ce57a788fea044460aaa1484b5da32e1f" />
<Entry OldName="PKTool.WebPlayerServerCommunicator.ServerBaseAddress" NewName="PKTool.WebPlayerServerCommunicator.c88d8f841c0954006112a86e08f3647be" />
<Entry OldName="PKTool.Properties.Resources.resourceMan" NewName="A.c8a97ada3ee38ec2c6951a62000a07d8b.cdffb59cd352b9fdde0d1faa208a5f73f" />
<Entry OldName="PKTool.Properties.Resources.resourceCulture" NewName="A.c8a97ada3ee38ec2c6951a62000a07d8b.c5ead66feae7d5afbba28a2eb0b84539d" />
<Entry OldName="PKTool.frmMain.&lt;&gt;c__DisplayClass12.att" NewName="PKTool.frmMain.cb0011769ba43be821b80d130e6fb4e19.c6cd4edc041104c0fbc9785f4a421916e" />
<Entry OldName="PKTool.frmMain.&lt;&gt;c__DisplayClass27.levelView" NewName="PKTool.frmMain.ca6ad08aee7edf6eaa879433453923b27.c78baad1c2653ac9f22dc20c172b8beff" />
<Entry OldName="PKTool.frmMain.&lt;&gt;c__DisplayClass3f.reqBody" NewName="PKTool.frmMain.c17c49096ad5a360eb5650afaf96f734b.c74f7e2efc5ef751d84fe3475bd6d5bdf" />
<Entry OldName="PKTool.frmMain.&lt;&gt;c__DisplayClass3f.&lt;&gt;4__this" NewName="PKTool.frmMain.c17c49096ad5a360eb5650afaf96f734b.cc02a2bbd1e9fd0dd74c89c71eae74c7b" />
<Entry OldName="PKTool.frmMain.&lt;&gt;c__DisplayClass3f.CS$&lt;&gt;9__CachedAnonymousMethodDelegate41" NewName="PKTool.frmMain.c17c49096ad5a360eb5650afaf96f734b.ce79bba19bb0140ab4ad22b2a440064aa" />
<Entry OldName="PKTool.ChangeNameRequest..ctor(String secretKey, String sessionToken, String businessToken, String newName, String newAvatar)" NewName="A.c7455da878245a0b2eccb4c582e6346e3..ctor(String c5eac75efa7f340937c0c867017107d04, String cbfad4f06e501d0e70bbc5a3efba6a63e, String cd39281a954590d413c6d742f43c42983, String cf7700a5c21cc116853474cb86bb7d3db, String ca1e30398271139386193431337d7ccd3)" />
<Entry OldName="PKTool.frmAbout..ctor()" NewName="A.c74459971dd483ac5d53a191361e6c96c..ctor()" />
<Entry OldName="PKTool.frmAbout.get_AssemblyTitle()" NewName="A.c74459971dd483ac5d53a191361e6c96c.get_cdde4699f8753721561eb0046cab8b28d()" />
<Entry OldName="PKTool.frmAbout.get_AssemblyVersion()" NewName="A.c74459971dd483ac5d53a191361e6c96c.get_c70bd45b6fbdb159973706b6ff2cf3776()" />
<Entry OldName="PKTool.frmAbout.get_AssemblyDescription()" NewName="A.c74459971dd483ac5d53a191361e6c96c.get_c45160fa5793853db8180a2eadb121130()" />
<Entry OldName="PKTool.frmAbout.get_AssemblyProduct()" NewName="A.c74459971dd483ac5d53a191361e6c96c.get_c5449a0cf01ebadf6f1929aefcc8abc6d()" />
<Entry OldName="PKTool.frmAbout.get_AssemblyCopyright()" NewName="A.c74459971dd483ac5d53a191361e6c96c.get_c7051c93ddb9ede04d86e76be12a8e62f()" />
<Entry OldName="PKTool.frmAbout.get_AssemblyCompany()" NewName="A.c74459971dd483ac5d53a191361e6c96c.get_c79a3a022897ffdcc0af5cc821a963f89()" />
<Entry OldName="PKTool.frmAbout.Dispose(Boolean disposing)" NewName="A.c74459971dd483ac5d53a191361e6c96c.Dispose(Boolean disposing)" />
<Entry OldName="PKTool.frmAbout.InitializeComponent()" NewName="A.c74459971dd483ac5d53a191361e6c96c.cceec85c1859b0082d7684e34525ee5fd()" />
<Entry OldName="PKTool.frmLogin.btnCancel_Click(Object sender, EventArgs e)" NewName="PKTool.frmLogin.c40019a37d120107e2e13fc191d87eff0(Object cf2609f8e34aba4185639b2dfd675a0a3, EventArgs c3052b74e7d6b7a00cf40a12957417ba3)" />
<Entry OldName="PKTool.frmLogin.btnOK_Click(Object sender, EventArgs e)" NewName="PKTool.frmLogin.c9c1887849a5718913dd533c4af149604(Object cf2609f8e34aba4185639b2dfd675a0a3, EventArgs c3052b74e7d6b7a00cf40a12957417ba3)" />
<Entry OldName="PKTool.frmLogin.InitializeComponent()" NewName="PKTool.frmLogin.cceec85c1859b0082d7684e34525ee5fd()" />
<Entry OldName="PKTool.frmNews.grdNews_CellFormatting(Object sender, DataGridViewCellFormattingEventArgs e)" NewName="PKTool.frmNews.c8a40dd5677730a7c187fb55cd51b011c(Object cf2609f8e34aba4185639b2dfd675a0a3, DataGridViewCellFormattingEventArgs c3052b74e7d6b7a00cf40a12957417ba3)" />
<Entry OldName="PKTool.frmNews.grdNews_CellContentClick(Object sender, DataGridViewCellEventArgs e)" NewName="PKTool.frmNews.cf408f30ea77555fdb4baad163b56861e(Object cf2609f8e34aba4185639b2dfd675a0a3, DataGridViewCellEventArgs c3052b74e7d6b7a00cf40a12957417ba3)" />
<Entry OldName="PKTool.frmNews.openURL(String url)" NewName="PKTool.frmNews.c03ec6a984edfe614b3efcd70708d760c(String c70b8e01eb2c46fab31929d1328a3fd61)" />
<Entry OldName="PKTool.frmNews.btnClose_Click(Object sender, EventArgs e)" NewName="PKTool.frmNews.c64e7555619d1d848fa7e362a8406c776(Object cf2609f8e34aba4185639b2dfd675a0a3, EventArgs c3052b74e7d6b7a00cf40a12957417ba3)" />
<Entry OldName="PKTool.frmNews.frmNews_Load(Object sender, EventArgs e)" NewName="PKTool.frmNews.c1f54f2fa27d8f2aaaafcd3095e8bd103(Object cf2609f8e34aba4185639b2dfd675a0a3, EventArgs c3052b74e7d6b7a00cf40a12957417ba3)" />
<Entry OldName="PKTool.frmNews.InitializeComponent()" NewName="PKTool.frmNews.cceec85c1859b0082d7684e34525ee5fd()" />
<Entry OldName="PKTool.IslandCompletions..ctor()" NewName="A.c4ba8f03bc895e7e7633a8210cb21f319..ctor()" />
<Entry OldName="PKTool.IslandCompletions.get_CompleteTime()" NewName="A.c4ba8f03bc895e7e7633a8210cb21f319.get_c5a539b6cc29a051139b155488b18562a()" />
<Entry OldName="PKTool.IslandCompletions.set_CompleteTime(String value)" NewName="A.c4ba8f03bc895e7e7633a8210cb21f319.set_c5a539b6cc29a051139b155488b18562a(String c42695071f7cc114522f844ffccdbcf05)" />
<Entry OldName="PKTool.IslandCompletions.get_IslandLevel()" NewName="A.c4ba8f03bc895e7e7633a8210cb21f319.get_cfea0744014551b060af7b41beb6b4ee9()" />
<Entry OldName="PKTool.IslandCompletions.set_IslandLevel(Int32 value)" NewName="A.c4ba8f03bc895e7e7633a8210cb21f319.set_cfea0744014551b060af7b41beb6b4ee9(Int32 c42695071f7cc114522f844ffccdbcf05)" />
<Entry OldName="PKTool.Data..ctor()" NewName="A.c119c08d997c75dd074887b202b17a08c..ctor()" />
<Entry OldName="PKTool.Data.get_Rank()" NewName="A.c119c08d997c75dd074887b202b17a08c.get_cce6016717eab7f707fab434bfd48bc3c()" />
<Entry OldName="PKTool.Data.set_Rank(Int32 value)" NewName="A.c119c08d997c75dd074887b202b17a08c.set_cce6016717eab7f707fab434bfd48bc3c(Int32 c42695071f7cc114522f844ffccdbcf05)" />
<Entry OldName="PKTool.Data.get_Msg()" NewName="A.c119c08d997c75dd074887b202b17a08c.get_c7787b95d759a23bfd0e4884c97bd17b9()" />
<Entry OldName="PKTool.Data.set_Msg(String value)" NewName="A.c119c08d997c75dd074887b202b17a08c.set_c7787b95d759a23bfd0e4884c97bd17b9(String c42695071f7cc114522f844ffccdbcf05)" />
<Entry OldName="PKTool.Data.get_Friend()" NewName="A.c119c08d997c75dd074887b202b17a08c.get_ce753c56b131bb89cca694cfacdb9d39f()" />
<Entry OldName="PKTool.Data.set_Friend(Friend value)" NewName="A.c119c08d997c75dd074887b202b17a08c.set_ce753c56b131bb89cca694cfacdb9d39f(Friend c42695071f7cc114522f844ffccdbcf05)" />
<Entry OldName="PKTool.Data.get_IsOK()" NewName="A.c119c08d997c75dd074887b202b17a08c.get_cebf6e98953bf2dca48bfa6000cf8c742()" />
<Entry OldName="PKTool.Data.set_IsOK(Boolean value)" NewName="A.c119c08d997c75dd074887b202b17a08c.set_cebf6e98953bf2dca48bfa6000cf8c742(Boolean c42695071f7cc114522f844ffccdbcf05)" />
<Entry OldName="PKTool.frmMain.m_Play_DoWork(Object sender, DoWorkEventArgs e)" NewName="PKTool.frmMain.ce278bbe6a16312f1e3a0c92b91996b58(Object cf2609f8e34aba4185639b2dfd675a0a3, DoWorkEventArgs c3052b74e7d6b7a00cf40a12957417ba3)" />
<Entry OldName="PKTool.frmMain.m_Play_ProgressChanged(Object sender, ProgressChangedEventArgs e)" NewName="PKTool.frmMain.c03304755f3794fd861f8268248d03889(Object cf2609f8e34aba4185639b2dfd675a0a3, ProgressChangedEventArgs c3052b74e7d6b7a00cf40a12957417ba3)" />
<Entry OldName="PKTool.frmMain.m_Play_RunWorkerCompleted(Object sender, RunWorkerCompletedEventArgs e)" NewName="PKTool.frmMain.cdd161e9acf0065586bf8fe2b3cce7624(Object cf2609f8e34aba4185639b2dfd675a0a3, RunWorkerCompletedEventArgs c3052b74e7d6b7a00cf40a12957417ba3)" />
<Entry OldName="PKTool.frmMain.timer_Tick(Object sender, EventArgs e)" NewName="PKTool.frmMain.c102c8edcb91eef2c45f3ed7e32b1cf82(Object cf2609f8e34aba4185639b2dfd675a0a3, EventArgs c3052b74e7d6b7a00cf40a12957417ba3)" />
<Entry OldName="PKTool.frmMain.toolStripMenuItemCharles_Click(Object sender, EventArgs e)" NewName="PKTool.frmMain.c634ecd0356ad08736e8dfe2894667c9f(Object cf2609f8e34aba4185639b2dfd675a0a3, EventArgs c3052b74e7d6b7a00cf40a12957417ba3)" />
<Entry OldName="PKTool.frmMain.toolStripMenuItemProxy_Click(Object sender, EventArgs e)" NewName="PKTool.frmMain.ca5ab688d672a9391391c1ae4db1a74ae(Object cf2609f8e34aba4185639b2dfd675a0a3, EventArgs c3052b74e7d6b7a00cf40a12957417ba3)" />
<Entry OldName="PKTool.frmMain.chkAutoAttack_CheckedChanged(Object sender, EventArgs e)" NewName="PKTool.frmMain.c86102ad1b57e99ae65b79bc27685c9fe(Object cf2609f8e34aba4185639b2dfd675a0a3, EventArgs c3052b74e7d6b7a00cf40a12957417ba3)" />
<Entry OldName="PKTool.frmMain.exitToolStripMenuItem_Click(Object sender, EventArgs e)" NewName="PKTool.frmMain.cc709e0707de1927733c0f6237d379296(Object cf2609f8e34aba4185639b2dfd675a0a3, EventArgs c3052b74e7d6b7a00cf40a12957417ba3)" />
<Entry OldName="PKTool.frmMain.saveFriendsToFileToolStripMenuItem_Click(Object sender, EventArgs e)" NewName="PKTool.frmMain.c6427604d3b6b0ebfded9d88dc1d179e7(Object cf2609f8e34aba4185639b2dfd675a0a3, EventArgs c3052b74e7d6b7a00cf40a12957417ba3)" />
<Entry OldName="PKTool.frmMain.addFriendsFromFileToolStripMenuItem_Click(Object sender, EventArgs e)" NewName="PKTool.frmMain.c9ac8faf0dc318d80edca6fd40fc7b972(Object cf2609f8e34aba4185639b2dfd675a0a3, EventArgs c3052b74e7d6b7a00cf40a12957417ba3)" />
<Entry OldName="PKTool.frmMain.lbFriends_SelectedIndexChanged(Object sender, EventArgs e)" NewName="PKTool.frmMain.c02dbee5705f91a0aae9b39cae697945e(Object cf2609f8e34aba4185639b2dfd675a0a3, EventArgs c3052b74e7d6b7a00cf40a12957417ba3)" />
<Entry OldName="PKTool.frmMain.btnNews_Click(Object sender, EventArgs e)" NewName="PKTool.frmMain.c3ae0e1e1a1e49549ee96225820fd0031(Object cf2609f8e34aba4185639b2dfd675a0a3, EventArgs c3052b74e7d6b7a00cf40a12957417ba3)" />
<Entry OldName="PKTool.frmMain.btnViewFB_Click(Object sender, EventArgs e)" NewName="PKTool.frmMain.c7a83a648264fdfb020db599a26a53818(Object cf2609f8e34aba4185639b2dfd675a0a3, EventArgs c3052b74e7d6b7a00cf40a12957417ba3)" />
<Entry OldName="PKTool.frmMain.btnSetVicTim_Click(Object sender, EventArgs e)" NewName="PKTool.frmMain.cf22848f036cb62a61d718774e2619778(Object cf2609f8e34aba4185639b2dfd675a0a3, EventArgs c3052b74e7d6b7a00cf40a12957417ba3)" />
<Entry OldName="PKTool.frmMain.btnClear_Click(Object sender, EventArgs e)" NewName="PKTool.frmMain.cadb53295c3da787b6e8a05891b4319ad(Object cf2609f8e34aba4185639b2dfd675a0a3, EventArgs c3052b74e7d6b7a00cf40a12957417ba3)" />
<Entry OldName="PKTool.frmMain.btnView_Click(Object sender, EventArgs e)" NewName="PKTool.frmMain.c214b5986c41e1a08494a205516a1e049(Object cf2609f8e34aba4185639b2dfd675a0a3, EventArgs c3052b74e7d6b7a00cf40a12957417ba3)" />
<Entry OldName="PKTool.frmMain.btnPlay_Click(Object sender, EventArgs e)" NewName="PKTool.frmMain.c5611e38a1c7b6a1e45fedd085ec7839e(Object cf2609f8e34aba4185639b2dfd675a0a3, EventArgs c3052b74e7d6b7a00cf40a12957417ba3)" />
<Entry OldName="PKTool.frmMain.btnRefresh_Click(Object sender, EventArgs e)" NewName="PKTool.frmMain.cfbbbbdf61264f10ef6ca60d814b143c2(Object cf2609f8e34aba4185639b2dfd675a0a3, EventArgs c3052b74e7d6b7a00cf40a12957417ba3)" />
<Entry OldName="PKTool.frmMain.btnVideo_Click(Object sender, EventArgs e)" NewName="PKTool.frmMain.c6036583421920a606979f546a19029a3(Object cf2609f8e34aba4185639b2dfd675a0a3, EventArgs c3052b74e7d6b7a00cf40a12957417ba3)" />
<Entry OldName="PKTool.frmMain.btnInvite_Click(Object sender, EventArgs e)" NewName="PKTool.frmMain.c3bf05d4ac58658a669af5500fd6f6bbf(Object cf2609f8e34aba4185639b2dfd675a0a3, EventArgs c3052b74e7d6b7a00cf40a12957417ba3)" />
<Entry OldName="PKTool.frmMain.btnOpen_Click(Object sender, EventArgs e)" NewName="PKTool.frmMain.c8cf48818ad532dd66f4005bae8b43635(Object cf2609f8e34aba4185639b2dfd675a0a3, EventArgs c3052b74e7d6b7a00cf40a12957417ba3)" />
<Entry OldName="PKTool.frmMain.btnSpinSlot_Click(Object sender, EventArgs e)" NewName="PKTool.frmMain.ccb7d7c5b22098f9b95c008a0d9cd59e5(Object cf2609f8e34aba4185639b2dfd675a0a3, EventArgs c3052b74e7d6b7a00cf40a12957417ba3)" />
<Entry OldName="PKTool.frmMain.frmMain_FormClosing(Object sender, FormClosingEventArgs e)" NewName="PKTool.frmMain.c2ed47c2365f5693ee06bb29ea2fd21be(Object cf2609f8e34aba4185639b2dfd675a0a3, FormClosingEventArgs c3052b74e7d6b7a00cf40a12957417ba3)" />
<Entry OldName="PKTool.frmMain.frmMain_Load(Object sender, EventArgs e)" NewName="PKTool.frmMain.c7ac5c291a7de667f96790cd5fd6ac31d(Object cf2609f8e34aba4185639b2dfd675a0a3, EventArgs c3052b74e7d6b7a00cf40a12957417ba3)" />
<Entry OldName="PKTool.frmMain.setLogin(String req, String resp)" NewName="PKTool.frmMain.c605da8d9a2953a1b2507a286a521a842(String c7e07f61ab64731ead0bc2d12f4830edf, String cde826a1ac3cc8e0ea2db3e68df71c975)" />
<Entry OldName="PKTool.frmMain.refresh()" NewName="PKTool.frmMain.cc8a9b076210c732cf7a3c8a37c03a7a7()" />
<Entry OldName="PKTool.frmMain.openURL(String url)" NewName="PKTool.frmMain.c03ec6a984edfe614b3efcd70708d760c(String c70b8e01eb2c46fab31929d1328a3fd61)" />
<Entry OldName="PKTool.frmMain.getFriends(JToken data)" NewName="PKTool.frmMain.c19c7088c9baa3fbc2dec21eb30eead62(JToken cde3f205dd9347c6e8da7533d44744bd9)" />
<Entry OldName="PKTool.frmMain.islandViewFriend(String fid)" NewName="PKTool.frmMain.c317a5d9919be8ca1e7bb1cac7ce01a0b(String cd936af94489834b35b725d65a6edfa41)" />
<Entry OldName="PKTool.frmMain.attackFriend(String fbidVictim, String itemType)" NewName="PKTool.frmMain.c034cc43f4954f19c033aa220497ea969(String cef56335d71ec2eff2d27e0e9c7a54fd2, String c15f912fee3f462027ef34ed37459625b)" />
<Entry OldName="PKTool.frmMain.attackFriend(Friend attacker, String fbidVictim, String itemType)" NewName="PKTool.frmMain.c034cc43f4954f19c033aa220497ea969(Friend cac62388f18203f4426d34a74821a5ecd, String cef56335d71ec2eff2d27e0e9c7a54fd2, String c15f912fee3f462027ef34ed37459625b)" />
<Entry OldName="PKTool.frmMain.getItemTypeAttack(String fbidVictim)" NewName="PKTool.frmMain.cd414ff0a696db3453708289e346f4ce1(String cef56335d71ec2eff2d27e0e9c7a54fd2)" />
<Entry OldName="PKTool.frmMain.doGet(String url)" NewName="PKTool.frmMain.c0f5e5c0a0d4eae8ce6c4f10e1f042023(String c70b8e01eb2c46fab31929d1328a3fd61)" />
<Entry OldName="PKTool.frmMain.steal(String secretKey, String sessionToken, JToken data, Boolean isStealAuto, String&amp; retSteal, Int32&amp; levelIsland, Boolean&amp; isOK)" NewName="PKTool.frmMain.cb449ef55ae92d1aa122a8bc960202fae(String c5eac75efa7f340937c0c867017107d04, String cbfad4f06e501d0e70bbc5a3efba6a63e, JToken cde3f205dd9347c6e8da7533d44744bd9, Boolean cc50461ced0294f3304fbdce01980e788, String&amp; c707f2b654805bf4f8792b9116f7a3b0c, Int32&amp; c8bf9449121ef240e90ce4ae8df803bdd, Boolean&amp; c3709d876b7f4190292b503495d8c1d61)" />
<Entry OldName="PKTool.frmMain.getItemTypeAttack(JToken data, Boolean isSort)" NewName="PKTool.frmMain.cd414ff0a696db3453708289e346f4ce1(JToken cde3f205dd9347c6e8da7533d44744bd9, Boolean cd6de78c689bbeaaf0c189195469c32e8)" />
<Entry OldName="PKTool.frmMain.attackRandom(String secretKey, String sessionToken, JToken data)" NewName="PKTool.frmMain.c547562d4918001f225ba9213d65cc56c(String c5eac75efa7f340937c0c867017107d04, String cbfad4f06e501d0e70bbc5a3efba6a63e, JToken cde3f205dd9347c6e8da7533d44744bd9)" />
<Entry OldName="PKTool.frmMain.getTimes(Int32 time)" NewName="PKTool.frmMain.cdf9fb9e288536294190b2074e20629dd(Int32 ca52c6e9654d75f996adbea091959b34c)" />
<Entry OldName="PKTool.frmMain.getFriendByFBIDEx(String fbID, JToken&amp; jRetView)" NewName="PKTool.frmMain.cbd0b56fe6def4e90b8b91e67f91a1b26(String cce632f7edb3cf61c91de966ed79e95ba, JToken&amp; c87575369c0f89af13bbfc1bb3095d088)" />
<Entry OldName="PKTool.frmMain.displayInfo(String header, String content)" NewName="PKTool.frmMain.cdfa64bd0a3f59747a7938a8b9d532ae0(String c536ca7dd6c81bec8959d9b53a97d2b24, String c31ec6fb8a871f0b68e5fe5dedac2de77)" />
<Entry OldName="PKTool.frmMain.displayAvatar(Int32 level)" NewName="PKTool.frmMain.cc126132e566734d167a8753d5aca53d6(Int32 c4f4d09fbb787a46476c304d8da8e9e49)" />
<Entry OldName="PKTool.frmMain.getItems(JToken jToken)" NewName="PKTool.frmMain.cef5a84719893ec462737c0f26d83cac2(JToken c3fc4ffc2dc1b7ff43bd44b755a148a65)" />
<Entry OldName="PKTool.frmMain.setPrices(List`1 items)" NewName="PKTool.frmMain.ca9e967d7c99237451d6d6e4c5287e58d(List`1 ccdbe404b62a2bfd5335b906d4078445f)" />
<Entry OldName="PKTool.frmMain.completedClaim()" NewName="PKTool.frmMain.c121607606e34e9bc927b387d1b9c55f0()" />
<Entry OldName="PKTool.frmMain.upgrade(String itemType)" NewName="PKTool.frmMain.cad38ca1628c4e887c02cb43e95131545(String c15f912fee3f462027ef34ed37459625b)" />
<Entry OldName="PKTool.frmMain.repair(String itemType)" NewName="PKTool.frmMain.cdbacacdb69d9f71eed10686981accee1(String c15f912fee3f462027ef34ed37459625b)" />
<Entry OldName="PKTool.frmMain.changeName(String newName, String newAvatar)" NewName="PKTool.frmMain.cddfbfb513b2ad1c7419c6d16c6f2da35(String cf7700a5c21cc116853474cb86bb7d3db, String ca1e30398271139386193431337d7ccd3)" />
<Entry OldName="PKTool.frmMain.cheat()" NewName="PKTool.frmMain.c07d1be78a6b0be9d5fcd5734a38ee04b()" />
<Entry OldName="PKTool.frmMain.finish()" NewName="PKTool.frmMain.cf591b52648c614880f1376cc1b9d7dc9()" />
<Entry OldName="PKTool.frmMain.isFinish()" NewName="PKTool.frmMain.c7043bea2a20dc282a6ae941e3a80a670()" />
<Entry OldName="PKTool.frmMain.isNextUpgrade(Int64 cash)" NewName="PKTool.frmMain.c250110da1457d02cd7e547c5950ca308(Int64 cc9ac22a090cb9058d17edf67aa9714c3)" />
<Entry OldName="PKTool.frmMain.wheel(String secretKey, String sessionToken)" NewName="PKTool.frmMain.c9606091a8cafbd6d8ca959752cbc7ffd(String c5eac75efa7f340937c0c867017107d04, String cbfad4f06e501d0e70bbc5a3efba6a63e)" />
<Entry OldName="PKTool.frmMain.attackRandom(String itemType, String secretKey, String sessionToken)" NewName="PKTool.frmMain.c547562d4918001f225ba9213d65cc56c(String c15f912fee3f462027ef34ed37459625b, String c5eac75efa7f340937c0c867017107d04, String cbfad4f06e501d0e70bbc5a3efba6a63e)" />
<Entry OldName="PKTool.frmMain.steal(Int32 stealIndex, String secretKey, String sessionToken)" NewName="PKTool.frmMain.cb449ef55ae92d1aa122a8bc960202fae(Int32 cd498ed25c99cd0c9af268a4b97b3ebcf, String c5eac75efa7f340937c0c867017107d04, String cbfad4f06e501d0e70bbc5a3efba6a63e)" />
<Entry OldName="PKTool.frmMain.getItemName(String itemType)" NewName="PKTool.frmMain.ccf551cfd75ee7ef81de2ea318dd609af(String c15f912fee3f462027ef34ed37459625b)" />
<Entry OldName="PKTool.frmMain.inviteComplete()" NewName="PKTool.frmMain.c5a5351e94d33429b4585861049f0ba64()" />
<Entry OldName="PKTool.frmMain.videoClaimbonus()" NewName="PKTool.frmMain.ca7aba4e6734715bf1cd7f0f18c67917f()" />
<Entry OldName="PKTool.frmMain.completedUpgrade(Int32 islandIndex)" NewName="PKTool.frmMain.c63b8abea7de52d5016025c3602e3523f(Int32 c2ae51c5a54a87c1caa1b18c0bab3b6c1)" />
<Entry OldName="PKTool.frmMain.spinSlot()" NewName="PKTool.frmMain.c0b5a67325c92700ed4d26b154ef6da38()" />
<Entry OldName="PKTool.frmMain.openChest()" NewName="PKTool.frmMain.c2d22ebb205df7600833ec98cc57ae826()" />
<Entry OldName="PKTool.frmMain.setIslandIndex(JToken data)" NewName="PKTool.frmMain.c64e475f2e6ee2b496106a6991bf2e7a7(JToken cde3f205dd9347c6e8da7533d44744bd9)" />
<Entry OldName="PKTool.frmMain.startFiddlerApp()" NewName="PKTool.frmMain.c042219adf5dc2cefc6541e0228d8094a()" />
<Entry OldName="PKTool.frmMain.FiddlerApplication_AfterSessionComplete(Session sess)" NewName="PKTool.frmMain.c47002c43a7be11443aa2efdd0c07bc83(Session c92cc090618a378f2fae778007ee8d775)" />
<Entry OldName="PKTool.frmMain.shutdowFiddlerApp()" NewName="PKTool.frmMain.ccb29b0bfe5cca7cb53dceddb021e218a()" />
<Entry OldName="PKTool.frmMain.btnClaim_Click(Object sender, EventArgs e)" NewName="PKTool.frmMain.c1f67802c1bed83be48f1d13bdb42aad7(Object cf2609f8e34aba4185639b2dfd675a0a3, EventArgs c3052b74e7d6b7a00cf40a12957417ba3)" />
<Entry OldName="PKTool.frmMain.aboutPKToolToolStripMenuItem_Click(Object sender, EventArgs e)" NewName="PKTool.frmMain.c1da0dcfe752c7d638e296f53e44b79c7(Object cf2609f8e34aba4185639b2dfd675a0a3, EventArgs c3052b74e7d6b7a00cf40a12957417ba3)" />
<Entry OldName="PKTool.frmMain.InitializeComponent()" NewName="PKTool.frmMain.cceec85c1859b0082d7684e34525ee5fd()" />
<Entry OldName="PKTool.frmMain.&lt;m_Play_DoWork&gt;b__0(Item i)" NewName="PKTool.frmMain.ce28c27faddd11a4acbfcad4423ecf3a5(Item ccf4e3573023da1aefa9ace91691322cf)" />
<Entry OldName="PKTool.frmMain.&lt;m_Play_DoWork&gt;b__1(Item i)" NewName="PKTool.frmMain.c3a44232c62c7359192bfd5a756a13994(Item ccf4e3573023da1aefa9ace91691322cf)" />
<Entry OldName="PKTool.frmMain.&lt;m_Play_DoWork&gt;b__2(Item i)" NewName="PKTool.frmMain.c0d2b33de5800e75711ce7149fce7a33d(Item ccf4e3573023da1aefa9ace91691322cf)" />
<Entry OldName="PKTool.frmMain.&lt;m_Play_DoWork&gt;b__3(Item i)" NewName="PKTool.frmMain.c7154203175bed97bf98a114b3df17323(Item ccf4e3573023da1aefa9ace91691322cf)" />
<Entry OldName="PKTool.frmMain.&lt;m_Play_DoWork&gt;b__4(Item i)" NewName="PKTool.frmMain.cfb482b36d00ffab4b16736c12c1787dc(Item ccf4e3573023da1aefa9ace91691322cf)" />
<Entry OldName="PKTool.frmMain.&lt;m_Play_DoWork&gt;b__5(Item i)" NewName="PKTool.frmMain.c9647e9101ab778b2f1e30cfd116cd63b(Item ccf4e3573023da1aefa9ace91691322cf)" />
<Entry OldName="PKTool.frmMain.&lt;m_Play_DoWork&gt;b__6(Item i)" NewName="PKTool.frmMain.c7f376ef6e4d9cb3012ecd6e6b1a7639b(Item ccf4e3573023da1aefa9ace91691322cf)" />
<Entry OldName="PKTool.frmMain.&lt;m_Play_DoWork&gt;b__7(Item i)" NewName="PKTool.frmMain.c08b81071941a46870f45849e3ea96e7e(Item ccf4e3573023da1aefa9ace91691322cf)" />
<Entry OldName="PKTool.frmMain.&lt;setLogin&gt;b__14(NewsItem news)" NewName="PKTool.frmMain.c47b82da05a14c06eeca87e9ae09c3bd1(NewsItem cdde86cea185d3471544d1d5e85c26b1f)" />
<Entry OldName="PKTool.frmMain.&lt;refresh&gt;b__16(NewsItem news)" NewName="PKTool.frmMain.cba4f0077684c1e0e0468bedc05178eba(NewsItem cdde86cea185d3471544d1d5e85c26b1f)" />
<Entry OldName="PKTool.frmMain.&lt;getItemTypeAttack&gt;b__18(Item item)" NewName="PKTool.frmMain.cf44f9314874fce99e8c562a959617d5c(Item cbd5326ab9cd4aa339181b2e21e2ebdaf)" />
<Entry OldName="PKTool.frmMain.&lt;getItemTypeAttack&gt;b__19(Item item)" NewName="PKTool.frmMain.c021d3cccbaa7422181cf07b33a099b6d(Item cbd5326ab9cd4aa339181b2e21e2ebdaf)" />
<Entry OldName="PKTool.frmMain.&lt;getItemTypeAttack&gt;b__1a(Item item)" NewName="PKTool.frmMain.ca658de2b724ec753748a4338f6c3d040(Item cbd5326ab9cd4aa339181b2e21e2ebdaf)" />
<Entry OldName="PKTool.frmMain.&lt;steal&gt;b__1f(Key item)" NewName="PKTool.frmMain.ca59ccec59d0ed4f60d92f91f97f8db5a(Key cbd5326ab9cd4aa339181b2e21e2ebdaf)" />
<Entry OldName="PKTool.frmMain.&lt;steal&gt;b__20(Key item)" NewName="PKTool.frmMain.cf3e1e51e070c492e40a9b4b66f210817(Key cbd5326ab9cd4aa339181b2e21e2ebdaf)" />
<Entry OldName="PKTool.frmMain.&lt;steal&gt;b__21(Key item)" NewName="PKTool.frmMain.c32c60c14aa28bc5500ff52f0b80c76f3(Key cbd5326ab9cd4aa339181b2e21e2ebdaf)" />
<Entry OldName="PKTool.frmMain.&lt;steal&gt;b__22(Key item)" NewName="PKTool.frmMain.c8b051e0116412791a54159452e8b13f6(Key cbd5326ab9cd4aa339181b2e21e2ebdaf)" />
<Entry OldName="PKTool.frmMain.&lt;getItemTypeAttack&gt;b__29(Item item)" NewName="PKTool.frmMain.c2582f2f0cb8dfc2ae097c51178fd27a5(Item cbd5326ab9cd4aa339181b2e21e2ebdaf)" />
<Entry OldName="PKTool.frmMain.&lt;getItemTypeAttack&gt;b__2a(Item item)" NewName="PKTool.frmMain.cf58eeb7fcd6fb42373aa21248503c23f(Item cbd5326ab9cd4aa339181b2e21e2ebdaf)" />
<Entry OldName="PKTool.frmMain.&lt;getItemTypeAttack&gt;b__2b(Item item)" NewName="PKTool.frmMain.ce788f20aa487a422a70f52a388c53d3e(Item cbd5326ab9cd4aa339181b2e21e2ebdaf)" />
<Entry OldName="PKTool.frmMain.&lt;isFinish&gt;b__2f(Item i)" NewName="PKTool.frmMain.c218a45c08bfc275fb2f34aaf89f57fea(Item ccf4e3573023da1aefa9ace91691322cf)" />
<Entry OldName="PKTool.frmMain.&lt;isFinish&gt;b__30(Item i)" NewName="PKTool.frmMain.cc48e9a3c1761780c5d7e2cd4b92c5fb8(Item ccf4e3573023da1aefa9ace91691322cf)" />
<Entry OldName="PKTool.frmMain.&lt;isNextUpgrade&gt;b__33(Item i)" NewName="PKTool.frmMain.c4135362ebf74683a4b020946d225ca8f(Item ccf4e3573023da1aefa9ace91691322cf)" />
<Entry OldName="PKTool.frmMain.&lt;isNextUpgrade&gt;b__34(Item i)" NewName="PKTool.frmMain.c0e9198121196d53d65f62d0ba99bde38(Item ccf4e3573023da1aefa9ace91691322cf)" />
<Entry OldName="PKTool.frmMain.&lt;isNextUpgrade&gt;b__35(Item i)" NewName="PKTool.frmMain.c105f936dfae0b7423bffdd247e48d0d4(Item ccf4e3573023da1aefa9ace91691322cf)" />
<Entry OldName="PKTool.frmMain.&lt;isNextUpgrade&gt;b__36(Item i)" NewName="PKTool.frmMain.c6062a0e7261921762209e3633a2f699d(Item ccf4e3573023da1aefa9ace91691322cf)" />
<Entry OldName="PKTool.frmMain.&lt;setIslandIndex&gt;b__3b(IslandCompletions i)" NewName="PKTool.frmMain.c58e2100e9772704db6701d29683bf370(c4ba8f03bc895e7e7633a8210cb21f319 ccf4e3573023da1aefa9ace91691322cf)" />
<Entry OldName="PKTool.Program.Main()" NewName="A.c53232377d1976dd6465f9b155a06929e.c6fbe287d7ef6a62bb124574bec2ff473()" />
<Entry OldName="PKTool.Properties.Resources..ctor()" NewName="A.c8a97ada3ee38ec2c6951a62000a07d8b..ctor()" />
<Entry OldName="PKTool.Properties.Resources.get_ResourceManager()" NewName="A.c8a97ada3ee38ec2c6951a62000a07d8b.get_ResourceManager()" />
<Entry OldName="PKTool.Properties.Resources.get_Culture()" NewName="A.c8a97ada3ee38ec2c6951a62000a07d8b.get_Culture()" />
<Entry OldName="PKTool.Properties.Resources.set_Culture(CultureInfo value)" NewName="A.c8a97ada3ee38ec2c6951a62000a07d8b.set_Culture(CultureInfo value)" />
<Entry OldName="PKTool.frmMain.&lt;&gt;c__DisplayClass12..ctor()" NewName="PKTool.frmMain.cb0011769ba43be821b80d130e6fb4e19..ctor()" />
<Entry OldName="PKTool.frmMain.&lt;&gt;c__DisplayClass12.&lt;addFriendsFromFileToolStripMenuItem_Click&gt;b__10(Friend i)" NewName="PKTool.frmMain.cb0011769ba43be821b80d130e6fb4e19.cd74784cb893863bbf8d9cba11d6a4390(Friend ccf4e3573023da1aefa9ace91691322cf)" />
<Entry OldName="PKTool.frmMain.&lt;&gt;c__DisplayClass27..ctor()" NewName="PKTool.frmMain.ca6ad08aee7edf6eaa879433453923b27..ctor()" />
<Entry OldName="PKTool.frmMain.&lt;&gt;c__DisplayClass27.&lt;steal&gt;b__1e(Key item)" NewName="PKTool.frmMain.ca6ad08aee7edf6eaa879433453923b27.c96c9649f6c87c1902ac3fd190a081f7c(Key cbd5326ab9cd4aa339181b2e21e2ebdaf)" />
<Entry OldName="PKTool.frmMain.&lt;&gt;c__DisplayClass3f..ctor()" NewName="PKTool.frmMain.c17c49096ad5a360eb5650afaf96f734b..ctor()" />
<Entry OldName="PKTool.frmMain.&lt;&gt;c__DisplayClass3f.&lt;FiddlerApplication_AfterSessionComplete&gt;b__3d(Dictionary`2 dic)" NewName="PKTool.frmMain.c17c49096ad5a360eb5650afaf96f734b.cd54a3231856d88997fd722a0b81bb5ea(Dictionary`2 cafdd9aa1b6f811e4818f04a6c19c0d36)" />
<Entry OldName="PKTool.frmMain.&lt;&gt;c__DisplayClass3f.&lt;FiddlerApplication_AfterSessionComplete&gt;b__3e(NewsItem news)" NewName="PKTool.frmMain.c17c49096ad5a360eb5650afaf96f734b.c0721148575336a4dffb6c9fd4ec2946f(NewsItem cdde86cea185d3471544d1d5e85c26b1f)" />
<Entry OldName="PKTool.ChangeNameRequest" NewName="A.c7455da878245a0b2eccb4c582e6346e3" />
<Entry OldName="PKTool.frmAbout" NewName="A.c74459971dd483ac5d53a191361e6c96c" />
<Entry OldName="PKTool.IslandCompletions" NewName="A.c4ba8f03bc895e7e7633a8210cb21f319" />
<Entry OldName="PKTool.Data" NewName="A.c119c08d997c75dd074887b202b17a08c" />
<Entry OldName="PKTool.frmMain+&lt;&gt;c__DisplayClass12" NewName="PKTool.frmMain+cb0011769ba43be821b80d130e6fb4e19" />
<Entry OldName="PKTool.frmMain+&lt;&gt;c__DisplayClass27" NewName="PKTool.frmMain+ca6ad08aee7edf6eaa879433453923b27" />
<Entry OldName="PKTool.frmMain+&lt;&gt;c__DisplayClass3f" NewName="PKTool.frmMain+c17c49096ad5a360eb5650afaf96f734b" />
<Entry OldName="PKTool.Program" NewName="A.c53232377d1976dd6465f9b155a06929e" />
<Entry OldName="PKTool.Properties.Resources" NewName="A.c8a97ada3ee38ec2c6951a62000a07d8b" />
<Entry OldName="d:\Working\P\PKHackTool\PKHackTool\BasePlayerRequest.cs" NewName="File0" />
<Entry OldName="d:\Working\P\PKHackTool\PKHackTool\ChangeNameRequest.cs" NewName="File1" />
<Entry OldName="d:\Working\P\PKHackTool\PKHackTool\frmAbout.cs" NewName="File2" />
<Entry OldName="d:\Working\P\PKHackTool\PKHackTool\frmAbout.Designer.cs" NewName="File3" />
<Entry OldName="d:\Working\P\PKHackTool\PKHackTool\frmLogin.cs" NewName="File4" />
<Entry OldName="d:\Working\P\PKHackTool\PKHackTool\frmLogin.Designer.cs" NewName="File5" />
<Entry OldName="d:\Working\P\PKHackTool\PKHackTool\frmNews.cs" NewName="File6" />
<Entry OldName="d:\Working\P\PKHackTool\PKHackTool\frmNews.Designer.cs" NewName="File7" />
<Entry OldName="d:\Working\P\PKHackTool\PKHackTool\IsLand.cs" NewName="File8" />
<Entry OldName="d:\Working\P\PKHackTool\PKHackTool\IslandCompletions.cs" NewName="File9" />
<Entry OldName="d:\Working\P\PKHackTool\PKHackTool\Data.cs" NewName="File10" />
<Entry OldName="d:\Working\P\PKHackTool\PKHackTool\frmMain.cs" NewName="File11" />
<Entry OldName="d:\Working\P\PKHackTool\PKHackTool\frmMain.Designer.cs" NewName="File12" />
<Entry OldName="d:\Working\P\PKHackTool\PKHackTool\Friend.cs" NewName="File13" />
<Entry OldName="d:\Working\P\PKHackTool\PKHackTool\Item.cs" NewName="File14" />
<Entry OldName="d:\Working\P\PKHackTool\PKHackTool\Key.cs" NewName="File15" />
<Entry OldName="d:\Working\P\PKHackTool\PKHackTool\NewsItem.cs" NewName="File16" />
<Entry OldName="d:\Working\P\PKHackTool\PKHackTool\Program.cs" NewName="File17" />
<Entry OldName="d:\Working\P\PKHackTool\PKHackTool\SimplePlayer.cs" NewName="File18" />
<Entry OldName="d:\Working\P\PKHackTool\PKHackTool\UrlCaptureConfiguration.cs" NewName="File19" />
<Entry OldName="d:\Working\P\PKHackTool\PKHackTool\WebPlayerServerCommunicator.cs" NewName="File20" />
<Entry OldName="d:\Working\P\PKHackTool\PKHackTool\Properties\Resources.Designer.cs" NewName="File21" />
<Entry OldName="d:\Working\P\PKHackTool\PKHackTool\Properties\Settings.Designer.cs" NewName="File22" />
<Assembly Name="PKTool"><Type Token="33554433" Name="&lt;Module&gt;" />
<Method Token="100663297" Name="" Variables="" ParamCnt="0" />
<Type Token="33554434" Name="PKTool.BasePlayerRequest" />
<Method Token="100663298" Name=".ctor" Variables="this;secretKey;sessionToken;businessToken;" ParamCnt="4" />
<Method Token="100663299" Name="get_secretKey" Variables="this;" ParamCnt="1" />
<Method Token="100663300" Name="set_secretKey" Variables="this;value;" ParamCnt="2" />
<Method Token="100663301" Name="get_sessionToken" Variables="this;" ParamCnt="1" />
<Method Token="100663302" Name="set_sessionToken" Variables="this;value;" ParamCnt="2" />
<Method Token="100663303" Name="get_businessToken" Variables="this;" ParamCnt="1" />
<Method Token="100663304" Name="set_businessToken" Variables="this;value;" ParamCnt="2" />
<Field Token="67108865" Name="&lt;secretKey&gt;k__BackingField" />
<Field Token="67108866" Name="&lt;sessionToken&gt;k__BackingField" />
<Field Token="67108867" Name="&lt;businessToken&gt;k__BackingField" />
<Type Token="33554436" Name="PKTool.ChangeNameRequest" />
<Method Token="100663306" Name=".ctor" Variables="this;secretKey;sessionToken;businessToken;newName;newAvatar;" ParamCnt="6" />
<Field Token="67108868" Name="NewName" />
<Field Token="67108869" Name="NewAvatar" />
<Type Token="33554437" Name="PKTool.frmAbout" />
<Method Token="100663307" Name=".ctor" Variables="this;" ParamCnt="1" />
<Method Token="100663308" Name="get_AssemblyTitle" Variables="this;attributes;titleAttribute;" ParamCnt="1" />
<Method Token="100663309" Name="get_AssemblyVersion" Variables="this;" ParamCnt="1" />
<Method Token="100663310" Name="get_AssemblyDescription" Variables="this;attributes;" ParamCnt="1" />
<Method Token="100663311" Name="get_AssemblyProduct" Variables="this;attributes;" ParamCnt="1" />
<Method Token="100663312" Name="get_AssemblyCopyright" Variables="this;attributes;" ParamCnt="1" />
<Method Token="100663313" Name="get_AssemblyCompany" Variables="this;attributes;" ParamCnt="1" />
<Method Token="100663314" Name="Dispose" Variables="this;disposing;" ParamCnt="2" />
<Method Token="100663315" Name="InitializeComponent" Variables="this;resources;" ParamCnt="1" />
<Field Token="67108870" Name="components" />
<Field Token="67108871" Name="tableLayoutPanel" />
<Field Token="67108872" Name="logoPictureBox" />
<Field Token="67108873" Name="labelProductName" />
<Field Token="67108874" Name="labelVersion" />
<Field Token="67108875" Name="labelCopyright" />
<Field Token="67108876" Name="labelCompanyName" />
<Field Token="67108877" Name="textBoxDescription" />
<Field Token="67108878" Name="okButton" />
<Type Token="33554439" Name="PKTool.frmLogin" />
<Method Token="100663322" Name=".ctor" Variables="this;" ParamCnt="1" />
<Method Token="100663323" Name="get_Req" Variables="this;" ParamCnt="1" />
<Method Token="100663324" Name="get_Resp" Variables="this;" ParamCnt="1" />
<Method Token="100663325" Name="set_Resp" Variables="this;value;" ParamCnt="2" />
<Method Token="100663326" Name="btnCancel_Click" Variables="this;sender;e;" ParamCnt="3" />
<Method Token="100663327" Name="btnOK_Click" Variables="this;sender;e;urlLogin;retLogin;jTokenResp;" ParamCnt="3" />
<Method Token="100663328" Name="doPost" Variables="this;uri;parameters;request;bytes;requestStream;response;stream;reader;result;ex;" ParamCnt="3" />
<Method Token="100663329" Name="Dispose" Variables="this;disposing;" ParamCnt="2" />
<Method Token="100663330" Name="InitializeComponent" Variables="this;" ParamCnt="1" />
<Field Token="67108880" Name="URLLOGIN" />
<Field Token="67108881" Name="req" />
<Field Token="67108882" Name="resp" />
<Field Token="67108883" Name="components" />
<Field Token="67108884" Name="rtbLogin" />
<Field Token="67108885" Name="lblData" />
<Field Token="67108886" Name="btnOK" />
<Field Token="67108887" Name="btnCancel" />
<Type Token="33554440" Name="PKTool.frmNews" />
<Method Token="100663331" Name=".ctor" Variables="this;" ParamCnt="1" />
<Method Token="100663332" Name=".ctor" Variables="this;listNews;" ParamCnt="2" />
<Method Token="100663333" Name="grdNews_CellFormatting" Variables="this;sender;e;rowIndex;row;" ParamCnt="3" />
<Method Token="100663334" Name="grdNews_CellContentClick" Variables="this;sender;e;rowIndex;urlFB;id;" ParamCnt="3" />
<Method Token="100663335" Name="openURL" Variables="this;url;sInfo;" ParamCnt="2" />
<Method Token="100663336" Name="btnClose_Click" Variables="this;sender;e;" ParamCnt="3" />
<Method Token="100663337" Name="frmNews_Load" Variables="this;sender;e;" ParamCnt="3" />
<Method Token="100663338" Name="Dispose" Variables="this;disposing;" ParamCnt="2" />
<Method Token="100663339" Name="InitializeComponent" Variables="this;dataGridViewCellStyle1;resources;" ParamCnt="1" />
<Field Token="67108888" Name="LISTNEWS" />
<Field Token="67108889" Name="components" />
<Field Token="67108890" Name="tableLayoutPanel1" />
<Field Token="67108891" Name="grdNews" />
<Field Token="67108892" Name="FB" />
<Field Token="67108893" Name="ID" />
<Field Token="67108894" Name="Message" />
<Field Token="67108895" Name="panel1" />
<Field Token="67108896" Name="btnClose" />
<Type Token="33554441" Name="PKTool.IsLand" />
<Method Token="100663340" Name=".ctor" Variables="this;" ParamCnt="1" />
<Method Token="100663341" Name="get_Index" Variables="this;" ParamCnt="1" />
<Method Token="100663342" Name="set_Index" Variables="this;value;" ParamCnt="2" />
<Method Token="100663343" Name="get_Items" Variables="this;" ParamCnt="1" />
<Method Token="100663344" Name="set_Items" Variables="this;value;" ParamCnt="2" />
<Field Token="67108897" Name="index" />
<Field Token="67108898" Name="items" />
<Type Token="33554442" Name="PKTool.IslandCompletions" />
<Method Token="100663345" Name=".ctor" Variables="this;" ParamCnt="1" />
<Method Token="100663346" Name="get_CompleteTime" Variables="this;" ParamCnt="1" />
<Method Token="100663347" Name="set_CompleteTime" Variables="this;value;" ParamCnt="2" />
<Method Token="100663348" Name="get_IslandLevel" Variables="this;" ParamCnt="1" />
<Method Token="100663349" Name="set_IslandLevel" Variables="this;value;" ParamCnt="2" />
<Field Token="67108899" Name="completeTime" />
<Field Token="67108900" Name="islandLevel" />
<Type Token="33554443" Name="PKTool.Data" />
<Method Token="100663350" Name=".ctor" Variables="this;" ParamCnt="1" />
<Method Token="100663351" Name="get_Rank" Variables="this;" ParamCnt="1" />
<Method Token="100663352" Name="set_Rank" Variables="this;value;" ParamCnt="2" />
<Method Token="100663353" Name="get_Msg" Variables="this;" ParamCnt="1" />
<Method Token="100663354" Name="set_Msg" Variables="this;value;" ParamCnt="2" />
<Method Token="100663355" Name="get_Friend" Variables="this;" ParamCnt="1" />
<Method Token="100663356" Name="set_Friend" Variables="this;value;" ParamCnt="2" />
<Method Token="100663357" Name="get_IsOK" Variables="this;" ParamCnt="1" />
<Method Token="100663358" Name="set_IsOK" Variables="this;value;" ParamCnt="2" />
<Field Token="67108901" Name="rank" />
<Field Token="67108902" Name="msg" />
<Field Token="67108903" Name="friend" />
<Field Token="67108904" Name="isOK" />
<Type Token="33554444" Name="PKTool.frmMain" />
<Method Token="100663359" Name=".ctor" Variables="this;" ParamCnt="1" />
<Method Token="100663360" Name=".cctor" Variables="" ParamCnt="0" />
<Method Token="100663361" Name="get_CaptureConfiguration" Variables="this;" ParamCnt="1" />
<Method Token="100663362" Name="set_CaptureConfiguration" Variables="this;value;" ParamCnt="2" />
<Method Token="100663363" Name="m_Play_DoWork" Variables="this;sender;e;dic;isAttackRandom;typeAttack;victim;num;isStealAuto;isFullShields;isAutoUpgrade;count;retWheel;data;wheelResult;spins;shields;playerInfo;cashKingInfo;cash;levelIsland;isOK;retSteal;stealInfo;retInfo;jTokenSteal;info;attackInfo;jTokenAttack;info;info;itemTypes;ret;jToken;itemsDamaged;retRepair;jRetRepair;cashSpent;info;itemsUpgrade;retUpgrade;jRetUpgrade;cashSpent;info;retFinish;jTokenFinish;info;retCompleted;jTokenCompleted;info;info;" ParamCnt="3" />
<Method Token="100663364" Name="m_Play_ProgressChanged" Variables="this;sender;e;data;" ParamCnt="3" />
<Method Token="100663365" Name="m_Play_RunWorkerCompleted" Variables="this;sender;e;" ParamCnt="3" />
<Method Token="100663366" Name="timer_Tick" Variables="this;sender;e;" ParamCnt="3" />
<Method Token="100663367" Name="toolStripMenuItemCharles_Click" Variables="this;sender;e;frmLogin;req;resp;" ParamCnt="3" />
<Method Token="100663368" Name="toolStripMenuItemProxy_Click" Variables="this;sender;e;" ParamCnt="3" />
<Method Token="100663369" Name="chkAutoAttack_CheckedChanged" Variables="this;sender;e;" ParamCnt="3" />
<Method Token="100663370" Name="exitToolStripMenuItem_Click" Variables="this;sender;e;" ParamCnt="3" />
<Method Token="100663371" Name="saveFriendsToFileToolStripMenuItem_Click" Variables="this;sender;e;pkXML;" ParamCnt="3" />
<Method Token="100663372" Name="addFriendsFromFileToolStripMenuItem_Click" Variables="this;sender;e;pkXML;friendsAdd;idxSelect;count;lstGet;" ParamCnt="3" />
<Method Token="100663373" Name="lbFriends_SelectedIndexChanged" Variables="this;sender;e;friend;" ParamCnt="3" />
<Method Token="100663374" Name="btnNews_Click" Variables="this;sender;e;frmNews;" ParamCnt="3" />
<Method Token="100663375" Name="btnViewFB_Click" Variables="this;sender;e;friend;urlFB;" ParamCnt="3" />
<Method Token="100663376" Name="btnSetVicTim_Click" Variables="this;sender;e;" ParamCnt="3" />
<Method Token="100663377" Name="btnClear_Click" Variables="this;sender;e;" ParamCnt="3" />
<Method Token="100663378" Name="btnView_Click" Variables="this;sender;e;friend;retView;jRetView;" ParamCnt="3" />
<Method Token="100663379" Name="btnPlay_Click" Variables="this;sender;e;itemTypes;txtBtn;typeAttack;dic;" ParamCnt="3" />
<Method Token="100663380" Name="btnRefresh_Click" Variables="this;sender;e;jTokenResp;" ParamCnt="3" />
<Method Token="100663381" Name="btnVideo_Click" Variables="this;sender;e;ret;jToken;" ParamCnt="3" />
<Method Token="100663382" Name="btnInvite_Click" Variables="this;sender;e;ret;jToken;" ParamCnt="3" />
<Method Token="100663383" Name="btnOpen_Click" Variables="this;sender;e;ret;jToken;" ParamCnt="3" />
<Method Token="100663384" Name="btnSpinSlot_Click" Variables="this;sender;e;ret;jToken;" ParamCnt="3" />
<Method Token="100663385" Name="frmMain_FormClosing" Variables="this;sender;e;" ParamCnt="3" />
<Method Token="100663386" Name="frmMain_Load" Variables="this;sender;e;" ParamCnt="3" />
<Method Token="100663387" Name="setLogin" Variables="this;req;resp;jTokenReq;jTokenResp;listNews;" ParamCnt="3" />
<Method Token="100663388" Name="refresh" Variables="this;urlLogin;retLogin;jTokenResp;listNews;" ParamCnt="1" />
<Method Token="100663389" Name="serialize" Variables="o;xs;xml;" ParamCnt="1" />
<Method Token="100663390" Name="deserialize" Variables="xml;xs;" ParamCnt="1" />
<Method Token="100663391" Name="openURL" Variables="this;url;sInfo;" ParamCnt="2" />
<Method Token="100663392" Name="doPost" Variables="this;uri;parameters;request;bytes;requestStream;response;stream;reader;result;ex;" ParamCnt="3" />
<Method Token="100663393" Name="getFriends" Variables="this;data;index;child;name;fbid;friend;friend;" ParamCnt="2" />
<Method Token="100663394" Name="islandViewFriend" Variables="this;fid;ret;url;dicResult;" ParamCnt="2" />
<Method Token="100663395" Name="attackFriend" Variables="this;fbidVictim;itemType;ret;url;dicResult;" ParamCnt="3" />
<Method Token="100663396" Name="attackFriend" Variables="this;attacker;fbidVictim;itemType;ret;url;dicResult;" ParamCnt="4" />
<Method Token="100663397" Name="getItemTypeAttack" Variables="this;fbidVictim;itemTypes;retView;data;i;query;" ParamCnt="2" />
<Method Token="100663398" Name="doGet" Variables="this;url;request;response;stream;reader;data;ex;" ParamCnt="2" />
<Method Token="100663399" Name="steal" Variables="this;secretKey;sessionToken;data;isStealAuto;retSteal;levelIsland;isOK;sealIndex;rank;index;lstKeys;child;keyItem;fbId;retView;jRetView;lstKeysFind;rnd;idx;lstKeysFindEx;lstKeysFindEx;" ParamCnt="8" />
<Method Token="100663400" Name="getItemTypeAttack" Variables="this;data;isSort;itemTypes;i;query;" ParamCnt="3" />
<Method Token="100663401" Name="attackRandom" Variables="this;secretKey;sessionToken;data;itemTypes;itemAttackName;rnd;idxItem;" ParamCnt="4" />
<Method Token="100663402" Name="getTimes" Variables="this;time;min;second;" ParamCnt="2" />
<Method Token="100663403" Name="getFriendByFBIDEx" Variables="this;fbID;jRetView;retView;friend;" ParamCnt="3" />
<Method Token="100663404" Name="displayInfo" Variables="this;header;content;data;" ParamCnt="3" />
<Method Token="100663405" Name="displayAvatar" Variables="this;level;baseName;baseNamePre;baseNameNext;" ParamCnt="2" />
<Method Token="100663406" Name="getItems" Variables="this;jToken;items;item;" ParamCnt="2" />
<Method Token="100663407" Name="setPrices" Variables="this;items;item;basePrice;priceStep;price;" ParamCnt="2" />
<Method Token="100663408" Name="completedClaim" Variables="this;ret;url;dic;" ParamCnt="1" />
<Method Token="100663409" Name="upgrade" Variables="this;itemType;ret;url;dic;" ParamCnt="2" />
<Method Token="100663410" Name="repair" Variables="this;itemType;ret;url;dic;" ParamCnt="2" />
<Method Token="100663411" Name="changeName" Variables="this;newName;newAvatar;ret;url;dic;" ParamCnt="3" />
<Method Token="100663412" Name="cheat" Variables="this;ret;url;dic;" ParamCnt="1" />
<Method Token="100663413" Name="finish" Variables="this;ret;url;dic;" ParamCnt="1" />
<Method Token="100663414" Name="isFinish" Variables="this;items;" ParamCnt="1" />
<Method Token="100663415" Name="isNextUpgrade" Variables="this;cash;itemsDamaged;itemsUpgrade;" ParamCnt="2" />
<Method Token="100663416" Name="wheel" Variables="this;secretKey;sessionToken;ret;url;dic;" ParamCnt="3" />
<Method Token="100663417" Name="attackRandom" Variables="this;itemType;secretKey;sessionToken;ret;url;dic;" ParamCnt="4" />
<Method Token="100663418" Name="steal" Variables="this;stealIndex;secretKey;sessionToken;ret;url;dic;" ParamCnt="4" />
<Method Token="100663419" Name="getItemName" Variables="this;itemType;" ParamCnt="2" />
<Method Token="100663420" Name="inviteComplete" Variables="this;ret;url;dic;" ParamCnt="1" />
<Method Token="100663421" Name="videoClaimbonus" Variables="this;ret;url;dic;" ParamCnt="1" />
<Method Token="100663422" Name="completedUpgrade" Variables="this;islandIndex;ret;url;dic;" ParamCnt="2" />
<Method Token="100663423" Name="spinSlot" Variables="this;ret;url;dic;" ParamCnt="1" />
<Method Token="100663424" Name="openChest" Variables="this;ret;url;dic;" ParamCnt="1" />
<Method Token="100663425" Name="setIslandIndex" Variables="this;data;completedIsland;datas;" ParamCnt="2" />
<Method Token="100663426" Name="startFiddlerApp" Variables="this;" ParamCnt="1" />
<Method Token="100663427" Name="FiddlerApplication_AfterSessionComplete" Variables="this;sess;url;extensions;ext;filters;urlFilter;respBody;dicResult;" ParamCnt="2" />
<Method Token="100663428" Name="shutdowFiddlerApp" Variables="this;" ParamCnt="1" />
<Method Token="100663429" Name="btnClaim_Click" Variables="this;sender;e;retClaim;jRetClaim;" ParamCnt="3" />
<Method Token="100663430" Name="aboutPKToolToolStripMenuItem_Click" Variables="this;sender;e;frmAbout;" ParamCnt="3" />
<Method Token="100663431" Name="Dispose" Variables="this;disposing;" ParamCnt="2" />
<Method Token="100663432" Name="InitializeComponent" Variables="this;resources;" ParamCnt="1" />
<Method Token="100663433" Name="&lt;m_Play_DoWork&gt;b__0" Variables="i;" ParamCnt="1" />
<Method Token="100663434" Name="&lt;m_Play_DoWork&gt;b__1" Variables="i;" ParamCnt="1" />
<Method Token="100663435" Name="&lt;m_Play_DoWork&gt;b__2" Variables="i;" ParamCnt="1" />
<Method Token="100663436" Name="&lt;m_Play_DoWork&gt;b__3" Variables="i;" ParamCnt="1" />
<Method Token="100663437" Name="&lt;m_Play_DoWork&gt;b__4" Variables="i;" ParamCnt="1" />
<Method Token="100663438" Name="&lt;m_Play_DoWork&gt;b__5" Variables="i;" ParamCnt="1" />
<Method Token="100663439" Name="&lt;m_Play_DoWork&gt;b__6" Variables="i;" ParamCnt="1" />
<Method Token="100663440" Name="&lt;m_Play_DoWork&gt;b__7" Variables="i;" ParamCnt="1" />
<Method Token="100663441" Name="&lt;setLogin&gt;b__14" Variables="news;" ParamCnt="1" />
<Method Token="100663442" Name="&lt;refresh&gt;b__16" Variables="news;" ParamCnt="1" />
<Method Token="100663443" Name="&lt;getItemTypeAttack&gt;b__18" Variables="item;" ParamCnt="1" />
<Method Token="100663444" Name="&lt;getItemTypeAttack&gt;b__19" Variables="item;" ParamCnt="1" />
<Method Token="100663445" Name="&lt;getItemTypeAttack&gt;b__1a" Variables="item;" ParamCnt="1" />
<Method Token="100663446" Name="&lt;steal&gt;b__1f" Variables="item;" ParamCnt="1" />
<Method Token="100663447" Name="&lt;steal&gt;b__20" Variables="item;" ParamCnt="1" />
<Method Token="100663448" Name="&lt;steal&gt;b__21" Variables="item;" ParamCnt="1" />
<Method Token="100663449" Name="&lt;steal&gt;b__22" Variables="item;" ParamCnt="1" />
<Method Token="100663450" Name="&lt;getItemTypeAttack&gt;b__29" Variables="item;" ParamCnt="1" />
<Method Token="100663451" Name="&lt;getItemTypeAttack&gt;b__2a" Variables="item;" ParamCnt="1" />
<Method Token="100663452" Name="&lt;getItemTypeAttack&gt;b__2b" Variables="item;" ParamCnt="1" />
<Method Token="100663453" Name="&lt;isFinish&gt;b__2f" Variables="i;" ParamCnt="1" />
<Method Token="100663454" Name="&lt;isFinish&gt;b__30" Variables="i;" ParamCnt="1" />
<Method Token="100663455" Name="&lt;isNextUpgrade&gt;b__33" Variables="i;" ParamCnt="1" />
<Method Token="100663456" Name="&lt;isNextUpgrade&gt;b__34" Variables="i;" ParamCnt="1" />
<Method Token="100663457" Name="&lt;isNextUpgrade&gt;b__35" Variables="i;" ParamCnt="1" />
<Method Token="100663458" Name="&lt;isNextUpgrade&gt;b__36" Variables="i;" ParamCnt="1" />
<Method Token="100663459" Name="&lt;setIslandIndex&gt;b__3b" Variables="i;" ParamCnt="1" />
<Field Token="67108905" Name="SEPARATOR" />
<Field Token="67108906" Name="CAPTUREDOMAIN" />
<Field Token="67108907" Name="RANKPOINT_STEAL" />
<Field Token="67108908" Name="URLLOGIN" />
<Field Token="67108909" Name="URLWHEEL" />
<Field Token="67108910" Name="URLATTACKFRIEND" />
<Field Token="67108911" Name="URLATTACKRANDOM" />
<Field Token="67108912" Name="URLVIEW" />
<Field Token="67108913" Name="URLSTEAL" />
<Field Token="67108914" Name="URLUPGRADE" />
<Field Token="67108915" Name="URLREPAIR" />
<Field Token="67108916" Name="URLFINISH" />
<Field Token="67108917" Name="URLINVITEBONUS" />
<Field Token="67108918" Name="URLVIDEOCLAIMBONUS" />
<Field Token="67108919" Name="URLCOMPLETEDUPGRADE" />
<Field Token="67108920" Name="URLSPINSLOT" />
<Field Token="67108921" Name="URLSLOTCHEST" />
<Field Token="67108922" Name="URLCHANGENAME" />
<Field Token="67108923" Name="URLISLANDCOMPLETEDCLAIM" />
<Field Token="67108924" Name="URLCHEAT" />
<Field Token="67108925" Name="URL" />
<Field Token="67108926" Name="KEY" />
<Field Token="67108927" Name="REGEX_ID" />
<Field Token="67108928" Name="REGEX_NAME" />
<Field Token="67108929" Name="BUSINESSTOKEN" />
<Field Token="67108930" Name="ACCESSTOKEN" />
<Field Token="67108931" Name="SECRETKEY" />
<Field Token="67108932" Name="SESSIONTOKEN" />
<Field Token="67108933" Name="FRIENDS" />
<Field Token="67108934" Name="M_PLAY" />
<Field Token="67108935" Name="VICTIM" />
<Field Token="67108936" Name="NAME" />
<Field Token="67108937" Name="FBID" />
<Field Token="67108938" Name="ARRITEMS" />
<Field Token="67108939" Name="BASEPRICES" />
<Field Token="67108940" Name="PRICESTEPS" />
<Field Token="67108941" Name="ITEMS" />
<Field Token="67108942" Name="FRIENDFBIDS" />
<Field Token="67108943" Name="ISLANDINDEX" />
<Field Token="67108944" Name="LISTNEWS" />
<Field Token="67108945" Name="UDID" />
<Field Token="67108946" Name="ISVIP" />
<Field Token="67108947" Name="REQBODY" />
<Field Token="67108948" Name="RETRYCOUNT" />
<Field Token="67108949" Name="AVATAR" />
<Field Token="67108950" Name="components" />
<Field Token="67108951" Name="label3" />
<Field Token="67108952" Name="imageList" />
<Field Token="67108953" Name="tab1" />
<Field Token="67108954" Name="gbBonus" />
<Field Token="67108955" Name="btnOpen" />
<Field Token="67108956" Name="btnSpinSlot" />
<Field Token="67108957" Name="btnInvite" />
<Field Token="67108958" Name="btnVideo" />
<Field Token="67108959" Name="lbFriends" />
<Field Token="67108960" Name="txtVictim" />
<Field Token="67108961" Name="rtbRet" />
<Field Token="67108962" Name="lblName" />
<Field Token="67108963" Name="label2" />
<Field Token="67108964" Name="btnClear" />
<Field Token="67108965" Name="btnView" />
<Field Token="67108966" Name="nudNum" />
<Field Token="67108967" Name="btnSetVicTim" />
<Field Token="67108968" Name="groupBox1" />
<Field Token="67108969" Name="chkAutoUpgrade" />
<Field Token="67108970" Name="btnPlay" />
<Field Token="67108971" Name="chkFull" />
<Field Token="67108972" Name="chkAutoSteal" />
<Field Token="67108973" Name="chkAutoAttack" />
<Field Token="67108974" Name="avatar" />
<Field Token="67108975" Name="tab" />
<Field Token="67108976" Name="btnViewFB" />
<Field Token="67108977" Name="btnNews" />
<Field Token="67108978" Name="openFileDialog" />
<Field Token="67108979" Name="txtID" />
<Field Token="67108980" Name="menuStrip" />
<Field Token="67108981" Name="fileToolStripMenuItem" />
<Field Token="67108982" Name="exitToolStripMenuItem" />
<Field Token="67108983" Name="aboutToolStripMenuItem" />
<Field Token="67108984" Name="toolStripSeparator1" />
<Field Token="67108985" Name="aboutPKToolToolStripMenuItem" />
<Field Token="67108986" Name="openFileDialogF" />
<Field Token="67108987" Name="saveFileDialog" />
<Field Token="67108988" Name="avatarPre" />
<Field Token="67108989" Name="avatarNext" />
<Field Token="67108990" Name="rdoRandom" />
<Field Token="67108991" Name="rdoFriend" />
<Field Token="67108992" Name="btnRefresh" />
<Field Token="67108993" Name="toolStripMenuItemProxy" />
<Field Token="67108994" Name="toolStripMenuItemCharles" />
<Field Token="67108995" Name="timer" />
<Field Token="67108996" Name="btnClaim" />
<Field Token="67108997" Name="&lt;CaptureConfiguration&gt;k__BackingField" />
<Field Token="67108998" Name="CS$&lt;&gt;9__CachedAnonymousMethodDelegate8" />
<Field Token="67108999" Name="CS$&lt;&gt;9__CachedAnonymousMethodDelegate9" />
<Field Token="67109000" Name="CS$&lt;&gt;9__CachedAnonymousMethodDelegatea" />
<Field Token="67109001" Name="CS$&lt;&gt;9__CachedAnonymousMethodDelegateb" />
<Field Token="67109002" Name="CS$&lt;&gt;9__CachedAnonymousMethodDelegatec" />
<Field Token="67109003" Name="CS$&lt;&gt;9__CachedAnonymousMethodDelegated" />
<Field Token="67109004" Name="CS$&lt;&gt;9__CachedAnonymousMethodDelegatee" />
<Field Token="67109005" Name="CS$&lt;&gt;9__CachedAnonymousMethodDelegatef" />
<Field Token="67109006" Name="CS$&lt;&gt;9__CachedAnonymousMethodDelegate15" />
<Field Token="67109007" Name="CS$&lt;&gt;9__CachedAnonymousMethodDelegate17" />
<Field Token="67109008" Name="CS$&lt;&gt;9__CachedAnonymousMethodDelegate1b" />
<Field Token="67109009" Name="CS$&lt;&gt;9__CachedAnonymousMethodDelegate1c" />
<Field Token="67109010" Name="CS$&lt;&gt;9__CachedAnonymousMethodDelegate1d" />
<Field Token="67109011" Name="CS$&lt;&gt;9__CachedAnonymousMethodDelegate23" />
<Field Token="67109012" Name="CS$&lt;&gt;9__CachedAnonymousMethodDelegate24" />
<Field Token="67109013" Name="CS$&lt;&gt;9__CachedAnonymousMethodDelegate25" />
<Field Token="67109014" Name="CS$&lt;&gt;9__CachedAnonymousMethodDelegate26" />
<Field Token="67109015" Name="CS$&lt;&gt;9__CachedAnonymousMethodDelegate2c" />
<Field Token="67109016" Name="CS$&lt;&gt;9__CachedAnonymousMethodDelegate2d" />
<Field Token="67109017" Name="CS$&lt;&gt;9__CachedAnonymousMethodDelegate2e" />
<Field Token="67109018" Name="CS$&lt;&gt;9__CachedAnonymousMethodDelegate31" />
<Field Token="67109019" Name="CS$&lt;&gt;9__CachedAnonymousMethodDelegate32" />
<Field Token="67109020" Name="CS$&lt;&gt;9__CachedAnonymousMethodDelegate37" />
<Field Token="67109021" Name="CS$&lt;&gt;9__CachedAnonymousMethodDelegate38" />
<Field Token="67109022" Name="CS$&lt;&gt;9__CachedAnonymousMethodDelegate39" />
<Field Token="67109023" Name="CS$&lt;&gt;9__CachedAnonymousMethodDelegate3a" />
<Field Token="67109024" Name="CS$&lt;&gt;9__CachedAnonymousMethodDelegate3c" />
<Type Token="33554445" Name="PKTool.Friend" />
<Method Token="100663460" Name=".ctor" Variables="this;" ParamCnt="1" />
<Method Token="100663461" Name="get_Index" Variables="this;" ParamCnt="1" />
<Method Token="100663462" Name="set_Index" Variables="this;value;" ParamCnt="2" />
<Method Token="100663463" Name="get_Id" Variables="this;" ParamCnt="1" />
<Method Token="100663464" Name="set_Id" Variables="this;value;" ParamCnt="2" />
<Method Token="100663465" Name="get_Name" Variables="this;" ParamCnt="1" />
<Method Token="100663466" Name="set_Name" Variables="this;value;" ParamCnt="2" />
<Method Token="100663467" Name="get_Key" Variables="this;" ParamCnt="1" />
<Method Token="100663468" Name="set_Key" Variables="this;value;" ParamCnt="2" />
<Method Token="100663469" Name="get_Rank" Variables="this;" ParamCnt="1" />
<Method Token="100663470" Name="set_Rank" Variables="this;value;" ParamCnt="2" />
<Method Token="100663471" Name="get_Spin" Variables="this;" ParamCnt="1" />
<Method Token="100663472" Name="set_Spin" Variables="this;value;" ParamCnt="2" />
<Method Token="100663473" Name="get_Cash" Variables="this;" ParamCnt="1" />
<Method Token="100663474" Name="set_Cash" Variables="this;value;" ParamCnt="2" />
<Method Token="100663475" Name="get_SToken" Variables="this;" ParamCnt="1" />
<Method Token="100663476" Name="set_SToken" Variables="this;value;" ParamCnt="2" />
<Method Token="100663477" Name="get_BToken" Variables="this;" ParamCnt="1" />
<Method Token="100663478" Name="set_BToken" Variables="this;value;" ParamCnt="2" />
<Method Token="100663479" Name="get_Type" Variables="this;" ParamCnt="1" />
<Method Token="100663480" Name="set_Type" Variables="this;value;" ParamCnt="2" />
<Field Token="67109025" Name="index" />
<Field Token="67109026" Name="id" />
<Field Token="67109027" Name="name" />
<Field Token="67109028" Name="key" />
<Field Token="67109029" Name="rank" />
<Field Token="67109030" Name="spin" />
<Field Token="67109031" Name="cash" />
<Field Token="67109032" Name="sToken" />
<Field Token="67109033" Name="bToken" />
<Field Token="67109034" Name="type" />
<Type Token="33554446" Name="PKTool.Item" />
<Method Token="100663481" Name=".ctor" Variables="this;" ParamCnt="1" />
<Method Token="100663482" Name="get_Index" Variables="this;" ParamCnt="1" />
<Method Token="100663483" Name="set_Index" Variables="this;value;" ParamCnt="2" />
<Method Token="100663484" Name="get_Name" Variables="this;" ParamCnt="1" />
<Method Token="100663485" Name="set_Name" Variables="this;value;" ParamCnt="2" />
<Method Token="100663486" Name="get_Isdamaged" Variables="this;" ParamCnt="1" />
<Method Token="100663487" Name="set_Isdamaged" Variables="this;value;" ParamCnt="2" />
<Method Token="100663488" Name="get_Level" Variables="this;" ParamCnt="1" />
<Method Token="100663489" Name="set_Level" Variables="this;value;" ParamCnt="2" />
<Method Token="100663490" Name="get_Price" Variables="this;" ParamCnt="1" />
<Method Token="100663491" Name="set_Price" Variables="this;value;" ParamCnt="2" />
<Field Token="67109035" Name="index" />
<Field Token="67109036" Name="name" />
<Field Token="67109037" Name="isdamaged" />
<Field Token="67109038" Name="level" />
<Field Token="67109039" Name="price" />
<Type Token="33554448" Name="PKTool.Key" />
<Method Token="100663499" Name=".ctor" Variables="this;" ParamCnt="1" />
<Method Token="100663500" Name="get_Index" Variables="this;" ParamCnt="1" />
<Method Token="100663501" Name="set_Index" Variables="this;value;" ParamCnt="2" />
<Method Token="100663502" Name="get_Level" Variables="this;" ParamCnt="1" />
<Method Token="100663503" Name="set_Level" Variables="this;value;" ParamCnt="2" />
<Method Token="100663504" Name="get_LevelEx" Variables="this;" ParamCnt="1" />
<Method Token="100663505" Name="set_LevelEx" Variables="this;value;" ParamCnt="2" />
<Method Token="100663506" Name="get_Data" Variables="this;" ParamCnt="1" />
<Method Token="100663507" Name="set_Data" Variables="this;value;" ParamCnt="2" />
<Field Token="67109042" Name="index" />
<Field Token="67109043" Name="level" />
<Field Token="67109044" Name="levelEx" />
<Field Token="67109045" Name="data" />
<Type Token="33554449" Name="PKTool.NewsItem" />
<Method Token="100663508" Name=".ctor" Variables="this;" ParamCnt="1" />
<Method Token="100663509" Name="CompareTo" Variables="this;other;" ParamCnt="2" />
<Method Token="100663510" Name="ToString" Variables="this;type;message;byWhom;args;" ParamCnt="1" />
<Field Token="67109046" Name="AttackData" />
<Field Token="67109047" Name="ByWhom" />
<Field Token="67109048" Name="LocalEventTime" />
<Field Token="67109049" Name="PromoData" />
<Field Token="67109050" Name="SecondsAgo" />
<Field Token="67109051" Name="StealData" />
<Field Token="67109052" Name="StringData" />
<Field Token="67109053" Name="Type" />
<Type Token="33554451" Name="PKTool.AttackNewsData" />
<Method Token="100663514" Name=".ctor" Variables="this;" ParamCnt="1" />
<Method Token="100663515" Name="ToString" Variables="this;args;" ParamCnt="1" />
<Field Token="67109055" Name="AttackedItem" />
<Field Token="67109056" Name="Result" />
<Field Token="67109057" Name="Type" />
<Type Token="33554452" Name="PKTool.IslandItemType" />
<Field Token="67109058" Name="value__" />
<Field Token="67109059" Name="Artifacts" />
<Field Token="67109060" Name="Nature" />
<Field Token="67109061" Name="Ships" />
<Field Token="67109062" Name="Building" />
<Field Token="67109063" Name="Animals" />
<Type Token="33554453" Name="PKTool.AttackResult" />
<Field Token="67109064" Name="value__" />
<Field Token="67109065" Name="Shield" />
<Field Token="67109066" Name="DamagedItem" />
<Field Token="67109067" Name="DestroyedItem" />
<Type Token="33554455" Name="PKTool.AttackType" />
<Field Token="67109074" Name="value__" />
<Field Token="67109075" Name="Random" />
<Field Token="67109076" Name="Friend" />
<Field Token="67109077" Name="Revenge" />
<Type Token="33554456" Name="PKTool.PromoNewsData" />
<Method Token="100663523" Name=".ctor" Variables="this;" ParamCnt="1" />
<Field Token="67109078" Name="Amount" />
<Field Token="67109079" Name="Type" />
<Type Token="33554457" Name="PKTool.PromoType" />
<Field Token="67109080" Name="value__" />
<Field Token="67109081" Name="Cash" />
<Field Token="67109082" Name="Spins" />
<Type Token="33554458" Name="PKTool.NewsType" />
<Field Token="67109083" Name="value__" />
<Field Token="67109084" Name="Attack" />
<Field Token="67109085" Name="Steal" />
<Field Token="67109086" Name="PromoUse" />
<Field Token="67109087" Name="FriendFinishIsland" />
<Field Token="67109088" Name="InviteFBFriend" />
<Field Token="67109089" Name="AdminMessage" />
<Type Token="33554459" Name="PKTool.StealNewsData" />
<Method Token="100663524" Name=".ctor" Variables="this;" ParamCnt="1" />
<Method Token="100663525" Name="ToString" Variables="this;args;" ParamCnt="1" />
<Field Token="67109090" Name="StolenAmount" />
<Type Token="33554460" Name="PKTool.Program" />
<Method Token="100663526" Name="Main" Variables="" ParamCnt="0" />
<Type Token="33554461" Name="PKTool.SimplePlayer" />
<Method Token="100663527" Name=".ctor" Variables="this;" ParamCnt="1" />
<Method Token="100663528" Name="CompareTo" Variables="this;other;" ParamCnt="2" />
<Method Token="100663529" Name="ToString" Variables="this;args;" ParamCnt="1" />
<Field Token="67109091" Name="Name" />
<Field Token="67109092" Name="Avatar" />
<Field Token="67109093" Name="ExtraData" />
<Field Token="67109094" Name="FBID" />
<Field Token="67109095" Name="Flag" />
<Field Token="67109096" Name="PlayerType" />
<Field Token="67109097" Name="RankPoints" />
<Type Token="33554462" Name="PKTool.SimplePlayer/SimplePlayerType" />
<Field Token="67109098" Name="value__" />
<Field Token="67109099" Name="Random" />
<Field Token="67109100" Name="Friend" />
<Field Token="67109101" Name="Revenge" />
<Field Token="67109102" Name="News" />
<Field Token="67109103" Name="Me" />
<Field Token="67109104" Name="Invite" />
<Type Token="33554463" Name="PKTool.UrlCaptureConfiguration" />
<Method Token="100663530" Name=".ctor" Variables="this;" ParamCnt="1" />
<Method Token="100663531" Name="get_ProcessId" Variables="this;" ParamCnt="1" />
<Method Token="100663532" Name="set_ProcessId" Variables="this;value;" ParamCnt="2" />
<Method Token="100663533" Name="get_IgnoreResources" Variables="this;" ParamCnt="1" />
<Method Token="100663534" Name="set_IgnoreResources" Variables="this;value;" ParamCnt="2" />
<Method Token="100663535" Name="get_CaptureDomain" Variables="this;" ParamCnt="1" />
<Method Token="100663536" Name="set_CaptureDomain" Variables="this;value;" ParamCnt="2" />
<Method Token="100663537" Name="get_UrlFilterExclusions" Variables="this;" ParamCnt="1" />
<Method Token="100663538" Name="set_UrlFilterExclusions" Variables="this;value;" ParamCnt="2" />
<Method Token="100663539" Name="get_ExtensionFilterExclusions" Variables="this;" ParamCnt="1" />
<Method Token="100663540" Name="set_ExtensionFilterExclusions" Variables="this;value;" ParamCnt="2" />
<Field Token="67109105" Name="&lt;ProcessId&gt;k__BackingField" />
<Field Token="67109106" Name="&lt;IgnoreResources&gt;k__BackingField" />
<Field Token="67109107" Name="&lt;CaptureDomain&gt;k__BackingField" />
<Field Token="67109108" Name="&lt;UrlFilterExclusions&gt;k__BackingField" />
<Field Token="67109109" Name="&lt;ExtensionFilterExclusions&gt;k__BackingField" />
<Type Token="33554464" Name="PKTool.WebPlayerServerCommunicator" />
<Method Token="100663541" Name=".ctor" Variables="this;" ParamCnt="1" />
<Method Token="100663542" Name="BuildURL" Variables="this;FunctionName;parameters;stringBuilder;str;" ParamCnt="3" />
<Field Token="67109110" Name="ServerBaseAddress" />
<Type Token="33554465" Name="PKTool.Properties.Resources" />
<Method Token="100663543" Name=".ctor" Variables="this;" ParamCnt="1" />
<Method Token="100663544" Name="get_ResourceManager" Variables="temp;" ParamCnt="0" />
<Method Token="100663545" Name="get_Culture" Variables="" ParamCnt="0" />
<Method Token="100663546" Name="set_Culture" Variables="value;" ParamCnt="1" />
<Field Token="67109111" Name="resourceMan" />
<Field Token="67109112" Name="resourceCulture" />
<Type Token="33554466" Name="PKTool.Properties.Settings" />
<Method Token="100663547" Name=".ctor" Variables="this;" ParamCnt="1" />
<Method Token="100663548" Name=".cctor" Variables="" ParamCnt="0" />
<Method Token="100663549" Name="get_Default" Variables="" ParamCnt="0" />
<Field Token="67109113" Name="defaultInstance" />
<Type Token="33554467" Name="PKTool.frmMain/&lt;&gt;c__DisplayClass12" />
<Method Token="100663550" Name=".ctor" Variables="this;" ParamCnt="1" />
<Method Token="100663551" Name="&lt;addFriendsFromFileToolStripMenuItem_Click&gt;b__10" Variables="this;i;" ParamCnt="2" />
<Field Token="67109114" Name="att" />
<Type Token="33554468" Name="PKTool.frmMain/&lt;&gt;c__DisplayClass27" />
<Method Token="100663552" Name=".ctor" Variables="this;" ParamCnt="1" />
<Method Token="100663553" Name="&lt;steal&gt;b__1e" Variables="this;item;" ParamCnt="2" />
<Field Token="67109115" Name="levelView" />
<Type Token="33554469" Name="PKTool.frmMain/&lt;&gt;c__DisplayClass3f" />
<Method Token="100663554" Name=".ctor" Variables="this;" ParamCnt="1" />
<Method Token="100663555" Name="&lt;FiddlerApplication_AfterSessionComplete&gt;b__3d" Variables="this;dic;jTokenReq;jTokenResp;listNews;" ParamCnt="2" />
<Method Token="100663556" Name="&lt;FiddlerApplication_AfterSessionComplete&gt;b__3e" Variables="news;" ParamCnt="1" />
<Field Token="67109116" Name="reqBody" />
<Field Token="67109117" Name="&lt;&gt;4__this" />
<Field Token="67109118" Name="CS$&lt;&gt;9__CachedAnonymousMethodDelegate41" />
<Type Token="33554435" Name="A.AssemblyInfoAttribute" />
<Method Token="100663305" Name="" Variables="this;str;" ParamCnt="2" />
</Assembly><File OldName="d:\Working\P\PKHackTool\PKHackTool\BasePlayerRequest.cs" NewName="File0" />
<File OldName="d:\Working\P\PKHackTool\PKHackTool\ChangeNameRequest.cs" NewName="File1" />
<File OldName="d:\Working\P\PKHackTool\PKHackTool\frmAbout.cs" NewName="File2" />
<File OldName="d:\Working\P\PKHackTool\PKHackTool\frmAbout.Designer.cs" NewName="File3" />
<File OldName="d:\Working\P\PKHackTool\PKHackTool\frmLogin.cs" NewName="File4" />
<File OldName="d:\Working\P\PKHackTool\PKHackTool\frmLogin.Designer.cs" NewName="File5" />
<File OldName="d:\Working\P\PKHackTool\PKHackTool\frmNews.cs" NewName="File6" />
<File OldName="d:\Working\P\PKHackTool\PKHackTool\frmNews.Designer.cs" NewName="File7" />
<File OldName="d:\Working\P\PKHackTool\PKHackTool\IsLand.cs" NewName="File8" />
<File OldName="d:\Working\P\PKHackTool\PKHackTool\IslandCompletions.cs" NewName="File9" />
<File OldName="d:\Working\P\PKHackTool\PKHackTool\Data.cs" NewName="File10" />
<File OldName="d:\Working\P\PKHackTool\PKHackTool\frmMain.cs" NewName="File11" />
<File OldName="d:\Working\P\PKHackTool\PKHackTool\frmMain.Designer.cs" NewName="File12" />
<File OldName="d:\Working\P\PKHackTool\PKHackTool\Friend.cs" NewName="File13" />
<File OldName="d:\Working\P\PKHackTool\PKHackTool\Item.cs" NewName="File14" />
<File OldName="d:\Working\P\PKHackTool\PKHackTool\Key.cs" NewName="File15" />
<File OldName="d:\Working\P\PKHackTool\PKHackTool\NewsItem.cs" NewName="File16" />
<File OldName="d:\Working\P\PKHackTool\PKHackTool\Program.cs" NewName="File17" />
<File OldName="d:\Working\P\PKHackTool\PKHackTool\SimplePlayer.cs" NewName="File18" />
<File OldName="d:\Working\P\PKHackTool\PKHackTool\UrlCaptureConfiguration.cs" NewName="File19" />
<File OldName="d:\Working\P\PKHackTool\PKHackTool\WebPlayerServerCommunicator.cs" NewName="File20" />
<File OldName="d:\Working\P\PKHackTool\PKHackTool\Properties\Resources.Designer.cs" NewName="File21" />
<File OldName="d:\Working\P\PKHackTool\PKHackTool\Properties\Settings.Designer.cs" NewName="File22" />
</Mappings>